<?xml version="1.0" encoding="ISO-8859-1" ?>
<link_info>
   <banner>TI ARM Linker PC v20.2.7.LTS</banner>
   <copyright>Copyright (c) 1996-2018 Texas Instruments Incorporated</copyright>
   <link_time>0x64ad4430</link_time>
   <link_errors>0x0</link_errors>
   <output_file>TimerInterrupt.out</output_file>
   <entry_point>
      <name>_c_int00_noargs</name>
      <address>0x2859</address>
   </entry_point>
   <input_file_list>
      <input_file id="fl-2">
         <path>.\</path>
         <kind>object</kind>
         <file>main.obj</file>
         <name>main.obj</name>
      </input_file>
      <input_file id="fl-3">
         <path>.\</path>
         <kind>object</kind>
         <file>tm4c1294ncpdt_startup_ccs.obj</file>
         <name>tm4c1294ncpdt_startup_ccs.obj</name>
      </input_file>
      <input_file id="fl-4">
         <path>.\driverlib\</path>
         <kind>object</kind>
         <file>adc.obj</file>
         <name>adc.obj</name>
      </input_file>
      <input_file id="fl-5">
         <path>.\driverlib\</path>
         <kind>object</kind>
         <file>aes.obj</file>
         <name>aes.obj</name>
      </input_file>
      <input_file id="fl-6">
         <path>.\driverlib\</path>
         <kind>object</kind>
         <file>can.obj</file>
         <name>can.obj</name>
      </input_file>
      <input_file id="fl-7">
         <path>.\driverlib\</path>
         <kind>object</kind>
         <file>comp.obj</file>
         <name>comp.obj</name>
      </input_file>
      <input_file id="fl-8">
         <path>.\driverlib\</path>
         <kind>object</kind>
         <file>cpu.obj</file>
         <name>cpu.obj</name>
      </input_file>
      <input_file id="fl-9">
         <path>.\driverlib\</path>
         <kind>object</kind>
         <file>crc.obj</file>
         <name>crc.obj</name>
      </input_file>
      <input_file id="fl-a">
         <path>.\driverlib\</path>
         <kind>object</kind>
         <file>des.obj</file>
         <name>des.obj</name>
      </input_file>
      <input_file id="fl-b">
         <path>.\driverlib\</path>
         <kind>object</kind>
         <file>eeprom.obj</file>
         <name>eeprom.obj</name>
      </input_file>
      <input_file id="fl-c">
         <path>.\driverlib\</path>
         <kind>object</kind>
         <file>emac.obj</file>
         <name>emac.obj</name>
      </input_file>
      <input_file id="fl-d">
         <path>.\driverlib\</path>
         <kind>object</kind>
         <file>epi.obj</file>
         <name>epi.obj</name>
      </input_file>
      <input_file id="fl-e">
         <path>.\driverlib\</path>
         <kind>object</kind>
         <file>epi_workaround_ccs.obj</file>
         <name>epi_workaround_ccs.obj</name>
      </input_file>
      <input_file id="fl-f">
         <path>.\driverlib\</path>
         <kind>object</kind>
         <file>flash.obj</file>
         <name>flash.obj</name>
      </input_file>
      <input_file id="fl-10">
         <path>.\driverlib\</path>
         <kind>object</kind>
         <file>fpu.obj</file>
         <name>fpu.obj</name>
      </input_file>
      <input_file id="fl-11">
         <path>.\driverlib\</path>
         <kind>object</kind>
         <file>gpio.obj</file>
         <name>gpio.obj</name>
      </input_file>
      <input_file id="fl-12">
         <path>.\driverlib\</path>
         <kind>object</kind>
         <file>hibernate.obj</file>
         <name>hibernate.obj</name>
      </input_file>
      <input_file id="fl-13">
         <path>.\driverlib\</path>
         <kind>object</kind>
         <file>i2c.obj</file>
         <name>i2c.obj</name>
      </input_file>
      <input_file id="fl-14">
         <path>.\driverlib\</path>
         <kind>object</kind>
         <file>interrupt.obj</file>
         <name>interrupt.obj</name>
      </input_file>
      <input_file id="fl-15">
         <path>.\driverlib\</path>
         <kind>object</kind>
         <file>lcd.obj</file>
         <name>lcd.obj</name>
      </input_file>
      <input_file id="fl-16">
         <path>.\driverlib\</path>
         <kind>object</kind>
         <file>mpu.obj</file>
         <name>mpu.obj</name>
      </input_file>
      <input_file id="fl-17">
         <path>.\driverlib\</path>
         <kind>object</kind>
         <file>onewire.obj</file>
         <name>onewire.obj</name>
      </input_file>
      <input_file id="fl-18">
         <path>.\driverlib\</path>
         <kind>object</kind>
         <file>pwm.obj</file>
         <name>pwm.obj</name>
      </input_file>
      <input_file id="fl-19">
         <path>.\driverlib\</path>
         <kind>object</kind>
         <file>qei.obj</file>
         <name>qei.obj</name>
      </input_file>
      <input_file id="fl-1a">
         <path>.\driverlib\</path>
         <kind>object</kind>
         <file>shamd5.obj</file>
         <name>shamd5.obj</name>
      </input_file>
      <input_file id="fl-1b">
         <path>.\driverlib\</path>
         <kind>object</kind>
         <file>ssi.obj</file>
         <name>ssi.obj</name>
      </input_file>
      <input_file id="fl-1c">
         <path>.\driverlib\</path>
         <kind>object</kind>
         <file>sw_crc.obj</file>
         <name>sw_crc.obj</name>
      </input_file>
      <input_file id="fl-1d">
         <path>.\driverlib\</path>
         <kind>object</kind>
         <file>sysctl.obj</file>
         <name>sysctl.obj</name>
      </input_file>
      <input_file id="fl-1e">
         <path>.\driverlib\</path>
         <kind>object</kind>
         <file>sysexc.obj</file>
         <name>sysexc.obj</name>
      </input_file>
      <input_file id="fl-1f">
         <path>.\driverlib\</path>
         <kind>object</kind>
         <file>systick.obj</file>
         <name>systick.obj</name>
      </input_file>
      <input_file id="fl-20">
         <path>.\driverlib\</path>
         <kind>object</kind>
         <file>timer.obj</file>
         <name>timer.obj</name>
      </input_file>
      <input_file id="fl-21">
         <path>.\driverlib\</path>
         <kind>object</kind>
         <file>uart.obj</file>
         <name>uart.obj</name>
      </input_file>
      <input_file id="fl-22">
         <path>.\driverlib\</path>
         <kind>object</kind>
         <file>udma.obj</file>
         <name>udma.obj</name>
      </input_file>
      <input_file id="fl-23">
         <path>.\driverlib\</path>
         <kind>object</kind>
         <file>usb.obj</file>
         <name>usb.obj</name>
      </input_file>
      <input_file id="fl-24">
         <path>.\driverlib\</path>
         <kind>object</kind>
         <file>watchdog.obj</file>
         <name>watchdog.obj</name>
      </input_file>
      <input_file id="fl-2c">
         <kind>object</kind>
         <file>&lt;internal&gt;</file>
         <name>&lt;internal&gt;</name>
      </input_file>
      <input_file id="fl-e2">
         <path>C:\ti\ccs1230\ccs\tools\compiler\ti-cgt-arm_20.2.7.LTS\lib\</path>
         <kind>archive</kind>
         <file>rtsv7M4_T_le_v4SPD16_eabi.lib</file>
         <name>copy_zero_init.c.obj</name>
      </input_file>
      <input_file id="fl-e3">
         <path>C:\ti\ccs1230\ccs\tools\compiler\ti-cgt-arm_20.2.7.LTS\lib\</path>
         <kind>archive</kind>
         <file>rtsv7M4_T_le_v4SPD16_eabi.lib</file>
         <name>copy_decompress_none.c.obj</name>
      </input_file>
      <input_file id="fl-e4">
         <path>C:\ti\ccs1230\ccs\tools\compiler\ti-cgt-arm_20.2.7.LTS\lib\</path>
         <kind>archive</kind>
         <file>rtsv7M4_T_le_v4SPD16_eabi.lib</file>
         <name>copy_decompress_lzss.c.obj</name>
      </input_file>
      <input_file id="fl-e5">
         <path>C:\ti\ccs1230\ccs\tools\compiler\ti-cgt-arm_20.2.7.LTS\lib\</path>
         <kind>archive</kind>
         <file>rtsv7M4_T_le_v4SPD16_eabi.lib</file>
         <name>boot_cortex_m.c.obj</name>
      </input_file>
      <input_file id="fl-e6">
         <path>C:\ti\ccs1230\ccs\tools\compiler\ti-cgt-arm_20.2.7.LTS\lib\</path>
         <kind>archive</kind>
         <file>rtsv7M4_T_le_v4SPD16_eabi.lib</file>
         <name>memcpy_t2.asm.obj</name>
      </input_file>
      <input_file id="fl-e7">
         <path>C:\ti\ccs1230\ccs\tools\compiler\ti-cgt-arm_20.2.7.LTS\lib\</path>
         <kind>archive</kind>
         <file>rtsv7M4_T_le_v4SPD16_eabi.lib</file>
         <name>memset_t2.asm.obj</name>
      </input_file>
      <input_file id="fl-e8">
         <path>C:\ti\ccs1230\ccs\tools\compiler\ti-cgt-arm_20.2.7.LTS\lib\</path>
         <kind>archive</kind>
         <file>rtsv7M4_T_le_v4SPD16_eabi.lib</file>
         <name>autoinit.c.obj</name>
      </input_file>
      <input_file id="fl-e9">
         <path>C:\ti\ccs1230\ccs\tools\compiler\ti-cgt-arm_20.2.7.LTS\lib\</path>
         <kind>archive</kind>
         <file>rtsv7M4_T_le_v4SPD16_eabi.lib</file>
         <name>pre_init.c.obj</name>
      </input_file>
      <input_file id="fl-ea">
         <path>C:\ti\ccs1230\ccs\tools\compiler\ti-cgt-arm_20.2.7.LTS\lib\</path>
         <kind>archive</kind>
         <file>rtsv7M4_T_le_v4SPD16_eabi.lib</file>
         <name>cpy_tbl.c.obj</name>
      </input_file>
      <input_file id="fl-eb">
         <path>C:\ti\ccs1230\ccs\tools\compiler\ti-cgt-arm_20.2.7.LTS\lib\</path>
         <kind>archive</kind>
         <file>rtsv7M4_T_le_v4SPD16_eabi.lib</file>
         <name>exit.c.obj</name>
      </input_file>
      <input_file id="fl-ec">
         <path>C:\ti\ccs1230\ccs\tools\compiler\ti-cgt-arm_20.2.7.LTS\lib\</path>
         <kind>archive</kind>
         <file>rtsv7M4_T_le_v4SPD16_eabi.lib</file>
         <name>_lock.c.obj</name>
      </input_file>
      <input_file id="fl-ed">
         <path>C:\ti\ccs1230\ccs\tools\compiler\ti-cgt-arm_20.2.7.LTS\lib\</path>
         <kind>archive</kind>
         <file>rtsv7M4_T_le_v4SPD16_eabi.lib</file>
         <name>args_main.c.obj</name>
      </input_file>
   </input_file_list>
   <object_component_list>
      <object_component id="oc-12">
         <name>.intvecs</name>
         <load_address>0x0</load_address>
         <run_address>0x0</run_address>
         <size>0x208</size>
         <input_file_ref idref="fl-3"/>
      </object_component>
      <object_component id="oc-80">
         <name>.text</name>
         <load_address>0x208</load_address>
         <run_address>0x208</run_address>
         <size>0xf80</size>
         <input_file_ref idref="fl-1d"/>
      </object_component>
      <object_component id="oc-7a">
         <name>.text</name>
         <load_address>0x1188</load_address>
         <run_address>0x1188</run_address>
         <size>0xb94</size>
         <input_file_ref idref="fl-11"/>
      </object_component>
      <object_component id="oc-74">
         <name>.text</name>
         <load_address>0x1d1c</load_address>
         <run_address>0x1d1c</run_address>
         <size>0x642</size>
         <input_file_ref idref="fl-20"/>
      </object_component>
      <object_component id="oc-86">
         <name>.text</name>
         <load_address>0x2360</load_address>
         <run_address>0x2360</run_address>
         <size>0x3c0</size>
         <input_file_ref idref="fl-14"/>
      </object_component>
      <object_component id="oc-2d">
         <name>.text</name>
         <load_address>0x2720</load_address>
         <run_address>0x2720</run_address>
         <size>0xb4</size>
         <input_file_ref idref="fl-2"/>
      </object_component>
      <object_component id="oc-137">
         <name>.text:__TI_auto_init_nobinit_nopinit:__TI_auto_init_nobinit_nopinit</name>
         <load_address>0x27d4</load_address>
         <run_address>0x27d4</run_address>
         <size>0x44</size>
         <input_file_ref idref="fl-e8"/>
      </object_component>
      <object_component id="oc-eb">
         <name>.text</name>
         <load_address>0x2818</load_address>
         <run_address>0x2818</run_address>
         <size>0x3e</size>
         <input_file_ref idref="fl-8"/>
      </object_component>
      <object_component id="oc-5f">
         <name>.text:_c_int00_noargs:_c_int00_noargs</name>
         <load_address>0x2858</load_address>
         <run_address>0x2858</run_address>
         <size>0x34</size>
         <input_file_ref idref="fl-e5"/>
      </object_component>
      <object_component id="oc-4d">
         <name>.text:decompress:ZI:__TI_zero_init_nomemset:__TI_zero_init_nomemset</name>
         <load_address>0x288c</load_address>
         <run_address>0x288c</run_address>
         <size>0x1c</size>
         <input_file_ref idref="fl-e2"/>
      </object_component>
      <object_component id="oc-27">
         <name>.text</name>
         <load_address>0x28a8</load_address>
         <run_address>0x28a8</run_address>
         <size>0xc</size>
         <input_file_ref idref="fl-3"/>
      </object_component>
      <object_component id="oc-fa">
         <name>.text:SysCtlDelay</name>
         <load_address>0x28b4</load_address>
         <run_address>0x28b4</run_address>
         <size>0x6</size>
         <input_file_ref idref="fl-1d"/>
      </object_component>
      <object_component id="oc-be">
         <name>.text:_system_pre_init</name>
         <load_address>0x28ba</load_address>
         <run_address>0x28ba</run_address>
         <size>0x4</size>
         <input_file_ref idref="fl-e9"/>
      </object_component>
      <object_component id="oc-12b">
         <name>.text:abort:abort</name>
         <load_address>0x28be</load_address>
         <run_address>0x28be</run_address>
         <size>0x4</size>
         <input_file_ref idref="fl-eb"/>
      </object_component>
      <object_component id="oc-f7">
         <name>.const:g_pppui32XTALtoVCO</name>
         <load_address>0x28c4</load_address>
         <run_address>0x28c4</run_address>
         <size>0x1b0</size>
         <input_file_ref idref="fl-1d"/>
      </object_component>
      <object_component id="oc-e0">
         <name>.const:g_ppui32GPIOIntMapSnowflake</name>
         <load_address>0x2a74</load_address>
         <run_address>0x2a74</run_address>
         <size>0xd8</size>
         <input_file_ref idref="fl-11"/>
      </object_component>
      <object_component id="oc-dd">
         <name>.const:g_ppui32GPIOIntMapBlizzard</name>
         <load_address>0x2b4c</load_address>
         <run_address>0x2b4c</run_address>
         <size>0xc0</size>
         <input_file_ref idref="fl-11"/>
      </object_component>
      <object_component id="oc-103">
         <name>.const:g_pui32Regs</name>
         <load_address>0x2c0c</load_address>
         <run_address>0x2c0c</run_address>
         <size>0x9c</size>
         <input_file_ref idref="fl-14"/>
      </object_component>
      <object_component id="oc-e3">
         <name>.const:g_pui32GPIOBaseAddrs</name>
         <load_address>0x2ca8</load_address>
         <run_address>0x2ca8</run_address>
         <size>0x90</size>
         <input_file_ref idref="fl-11"/>
      </object_component>
      <object_component id="oc-f1">
         <name>.const:g_pui32Xtals</name>
         <load_address>0x2d38</load_address>
         <run_address>0x2d38</run_address>
         <size>0x6c</size>
         <input_file_ref idref="fl-1d"/>
      </object_component>
      <object_component id="oc-d0">
         <name>.const:g_ppui32TimerIntMap</name>
         <load_address>0x2da4</load_address>
         <run_address>0x2da4</run_address>
         <size>0x60</size>
         <input_file_ref idref="fl-20"/>
      </object_component>
      <object_component id="oc-d3">
         <name>.const:g_ppui32TimerIntMapSnowflake</name>
         <load_address>0x2e04</load_address>
         <run_address>0x2e04</run_address>
         <size>0x40</size>
         <input_file_ref idref="fl-20"/>
      </object_component>
      <object_component id="oc-e8">
         <name>.const:g_sXTALtoMEMTIM</name>
         <load_address>0x2e44</load_address>
         <run_address>0x2e44</run_address>
         <size>0x30</size>
         <input_file_ref idref="fl-1d"/>
      </object_component>
      <object_component id="oc-100">
         <name>.const:g_pui32Priority</name>
         <load_address>0x2e74</load_address>
         <run_address>0x2e74</run_address>
         <size>0x20</size>
         <input_file_ref idref="fl-14"/>
      </object_component>
      <object_component id="oc-109">
         <name>.const:g_pui32Dii16Regs</name>
         <load_address>0x2e94</load_address>
         <run_address>0x2e94</run_address>
         <size>0x14</size>
         <input_file_ref idref="fl-14"/>
      </object_component>
      <object_component id="oc-106">
         <name>.const:g_pui32EnRegs</name>
         <load_address>0x2ea8</load_address>
         <run_address>0x2ea8</run_address>
         <size>0x14</size>
         <input_file_ref idref="fl-14"/>
      </object_component>
      <object_component id="oc-10c">
         <name>.const:g_pui32PendRegs</name>
         <load_address>0x2ebc</load_address>
         <run_address>0x2ebc</run_address>
         <size>0x14</size>
         <input_file_ref idref="fl-14"/>
      </object_component>
      <object_component id="oc-10f">
         <name>.const:g_pui32UnpendRegs</name>
         <load_address>0x2ed0</load_address>
         <run_address>0x2ed0</run_address>
         <size>0x14</size>
         <input_file_ref idref="fl-14"/>
      </object_component>
      <object_component id="oc-f4">
         <name>.const:g_pui32VCOFrequencies</name>
         <load_address>0x2ee4</load_address>
         <run_address>0x2ee4</run_address>
         <size>0x8</size>
         <input_file_ref idref="fl-1d"/>
      </object_component>
      <object_component id="oc-212">
         <name>.cinit..bss.load</name>
         <load_address>0x2ef0</load_address>
         <run_address>0x2ef0</run_address>
         <size>0x8</size>
      </object_component>
      <object_component id="oc-211">
         <name>.cinit..vtable.load</name>
         <load_address>0x2ef8</load_address>
         <run_address>0x2ef8</run_address>
         <size>0x8</size>
      </object_component>
      <object_component id="oc-20f">
         <name>__TI_handler_table</name>
         <load_address>0x2f00</load_address>
         <run_address>0x2f00</run_address>
         <size>0x4</size>
      </object_component>
      <object_component id="oc-210">
         <name>__TI_cinit_table</name>
         <load_address>0x2f04</load_address>
         <run_address>0x2f04</run_address>
         <size>0x10</size>
      </object_component>
      <object_component id="oc-fd">
         <name>.vtable</name>
         <uninitialized>true</uninitialized>
         <run_address>0x20000000</run_address>
         <size>0x26c</size>
         <input_file_ref idref="fl-14"/>
      </object_component>
      <object_component id="oc-90">
         <name>.common:freq</name>
         <uninitialized>true</uninitialized>
         <run_address>0x20000474</run_address>
         <size>0x4</size>
      </object_component>
      <object_component id="oc-8f">
         <name>.common:toggle</name>
         <uninitialized>true</uninitialized>
         <run_address>0x20000478</run_address>
         <size>0x1</size>
      </object_component>
      <object_component id="oc-8c">
         <name>.common:count</name>
         <uninitialized>true</uninitialized>
         <run_address>0x20000470</run_address>
         <size>0x4</size>
      </object_component>
      <object_component id="oc-24">
         <name>.stack</name>
         <uninitialized>true</uninitialized>
         <run_address>0x20000270</run_address>
         <size>0x4</size>
         <input_file_ref idref="fl-e5"/>
      </object_component>
      <object_component id="oc-214">
         <name>.stack</name>
         <uninitialized>true</uninitialized>
         <run_address>0x20000270</run_address>
         <size>0x0</size>
      </object_component>
      <object_component id="oc-8d">
         <name>.debug_info</name>
         <load_address>0x0</load_address>
         <run_address>0x0</run_address>
         <size>0x4ea</size>
         <input_file_ref idref="fl-2"/>
      </object_component>
      <object_component id="oc-2f">
         <name>.debug_info</name>
         <load_address>0x4ea</load_address>
         <run_address>0x4ea</run_address>
         <size>0x2fc</size>
         <input_file_ref idref="fl-2"/>
      </object_component>
      <object_component id="oc-99">
         <name>.debug_info</name>
         <load_address>0x7e6</load_address>
         <run_address>0x7e6</run_address>
         <size>0x26b</size>
         <input_file_ref idref="fl-2"/>
      </object_component>
      <object_component id="oc-92">
         <name>.debug_info</name>
         <load_address>0xa51</load_address>
         <run_address>0xa51</run_address>
         <size>0x8b</size>
         <input_file_ref idref="fl-2"/>
      </object_component>
      <object_component id="oc-116">
         <name>.debug_info</name>
         <load_address>0xadc</load_address>
         <run_address>0xadc</run_address>
         <size>0x2a4</size>
         <input_file_ref idref="fl-2"/>
      </object_component>
      <object_component id="oc-d7">
         <name>.debug_info</name>
         <load_address>0xd80</load_address>
         <run_address>0xd80</run_address>
         <size>0xef</size>
         <input_file_ref idref="fl-2"/>
      </object_component>
      <object_component id="oc-9e">
         <name>.debug_info</name>
         <load_address>0xe6f</load_address>
         <run_address>0xe6f</run_address>
         <size>0xbb</size>
         <input_file_ref idref="fl-2"/>
      </object_component>
      <object_component id="oc-35">
         <name>.debug_info</name>
         <load_address>0xf2a</load_address>
         <run_address>0xf2a</run_address>
         <size>0x2d7</size>
         <input_file_ref idref="fl-3"/>
      </object_component>
      <object_component id="oc-13">
         <name>.debug_info</name>
         <load_address>0x1201</load_address>
         <run_address>0x1201</run_address>
         <size>0xee</size>
         <input_file_ref idref="fl-3"/>
      </object_component>
      <object_component id="oc-29">
         <name>.debug_info</name>
         <load_address>0x12ef</load_address>
         <run_address>0x12ef</run_address>
         <size>0x26d</size>
         <input_file_ref idref="fl-3"/>
      </object_component>
      <object_component id="oc-3c">
         <name>.debug_info</name>
         <load_address>0x155c</load_address>
         <run_address>0x155c</run_address>
         <size>0x84</size>
         <input_file_ref idref="fl-3"/>
      </object_component>
      <object_component id="oc-ec">
         <name>.debug_info</name>
         <load_address>0x15e0</load_address>
         <run_address>0x15e0</run_address>
         <size>0x33a</size>
         <input_file_ref idref="fl-8"/>
      </object_component>
      <object_component id="oc-e7">
         <name>.debug_info</name>
         <load_address>0x191a</load_address>
         <run_address>0x191a</run_address>
         <size>0x35e</size>
         <input_file_ref idref="fl-11"/>
      </object_component>
      <object_component id="oc-de">
         <name>.debug_info</name>
         <load_address>0x1c78</load_address>
         <run_address>0x1c78</run_address>
         <size>0xfe</size>
         <input_file_ref idref="fl-11"/>
      </object_component>
      <object_component id="oc-e1">
         <name>.debug_info</name>
         <load_address>0x1d76</load_address>
         <run_address>0x1d76</run_address>
         <size>0x100</size>
         <input_file_ref idref="fl-11"/>
      </object_component>
      <object_component id="oc-e4">
         <name>.debug_info</name>
         <load_address>0x1e76</load_address>
         <run_address>0x1e76</run_address>
         <size>0xf2</size>
         <input_file_ref idref="fl-11"/>
      </object_component>
      <object_component id="oc-7c">
         <name>.debug_info</name>
         <load_address>0x1f68</load_address>
         <run_address>0x1f68</run_address>
         <size>0x3121</size>
         <input_file_ref idref="fl-11"/>
      </object_component>
      <object_component id="oc-113">
         <name>.debug_info</name>
         <load_address>0x5089</load_address>
         <run_address>0x5089</run_address>
         <size>0x33b</size>
         <input_file_ref idref="fl-14"/>
      </object_component>
      <object_component id="oc-101">
         <name>.debug_info</name>
         <load_address>0x53c4</load_address>
         <run_address>0x53c4</run_address>
         <size>0xed</size>
         <input_file_ref idref="fl-14"/>
      </object_component>
      <object_component id="oc-104">
         <name>.debug_info</name>
         <load_address>0x54b1</load_address>
         <run_address>0x54b1</run_address>
         <size>0xe5</size>
         <input_file_ref idref="fl-14"/>
      </object_component>
      <object_component id="oc-107">
         <name>.debug_info</name>
         <load_address>0x5596</load_address>
         <run_address>0x5596</run_address>
         <size>0xe9</size>
         <input_file_ref idref="fl-14"/>
      </object_component>
      <object_component id="oc-10a">
         <name>.debug_info</name>
         <load_address>0x567f</load_address>
         <run_address>0x567f</run_address>
         <size>0xef</size>
         <input_file_ref idref="fl-14"/>
      </object_component>
      <object_component id="oc-10d">
         <name>.debug_info</name>
         <load_address>0x576e</load_address>
         <run_address>0x576e</run_address>
         <size>0xed</size>
         <input_file_ref idref="fl-14"/>
      </object_component>
      <object_component id="oc-110">
         <name>.debug_info</name>
         <load_address>0x585b</load_address>
         <run_address>0x585b</run_address>
         <size>0xf1</size>
         <input_file_ref idref="fl-14"/>
      </object_component>
      <object_component id="oc-fe">
         <name>.debug_info</name>
         <load_address>0x594c</load_address>
         <run_address>0x594c</run_address>
         <size>0xee</size>
         <input_file_ref idref="fl-14"/>
      </object_component>
      <object_component id="oc-87">
         <name>.debug_info</name>
         <load_address>0x5a3a</load_address>
         <run_address>0x5a3a</run_address>
         <size>0xcee</size>
         <input_file_ref idref="fl-14"/>
      </object_component>
      <object_component id="oc-fc">
         <name>.debug_info</name>
         <load_address>0x6728</load_address>
         <run_address>0x6728</run_address>
         <size>0x3c0</size>
         <input_file_ref idref="fl-1d"/>
      </object_component>
      <object_component id="oc-f2">
         <name>.debug_info</name>
         <load_address>0x6ae8</load_address>
         <run_address>0x6ae8</run_address>
         <size>0xe4</size>
         <input_file_ref idref="fl-1d"/>
      </object_component>
      <object_component id="oc-f8">
         <name>.debug_info</name>
         <load_address>0x6bcc</load_address>
         <run_address>0x6bcc</run_address>
         <size>0xf0</size>
         <input_file_ref idref="fl-1d"/>
      </object_component>
      <object_component id="oc-e9">
         <name>.debug_info</name>
         <load_address>0x6cbc</load_address>
         <run_address>0x6cbc</run_address>
         <size>0xea</size>
         <input_file_ref idref="fl-1d"/>
      </object_component>
      <object_component id="oc-f5">
         <name>.debug_info</name>
         <load_address>0x6da6</load_address>
         <run_address>0x6da6</run_address>
         <size>0xf7</size>
         <input_file_ref idref="fl-1d"/>
      </object_component>
      <object_component id="oc-82">
         <name>.debug_info</name>
         <load_address>0x6e9d</load_address>
         <run_address>0x6e9d</run_address>
         <size>0x2b34</size>
         <input_file_ref idref="fl-1d"/>
      </object_component>
      <object_component id="oc-182">
         <name>.debug_info</name>
         <load_address>0x99d1</load_address>
         <run_address>0x99d1</run_address>
         <size>0x51</size>
         <input_file_ref idref="fl-1d"/>
      </object_component>
      <object_component id="oc-dc">
         <name>.debug_info</name>
         <load_address>0x9a22</load_address>
         <run_address>0x9a22</run_address>
         <size>0x34b</size>
         <input_file_ref idref="fl-20"/>
      </object_component>
      <object_component id="oc-d1">
         <name>.debug_info</name>
         <load_address>0x9d6d</load_address>
         <run_address>0x9d6d</run_address>
         <size>0xf1</size>
         <input_file_ref idref="fl-20"/>
      </object_component>
      <object_component id="oc-d4">
         <name>.debug_info</name>
         <load_address>0x9e5e</load_address>
         <run_address>0x9e5e</run_address>
         <size>0x103</size>
         <input_file_ref idref="fl-20"/>
      </object_component>
      <object_component id="oc-75">
         <name>.debug_info</name>
         <load_address>0x9f61</load_address>
         <run_address>0x9f61</run_address>
         <size>0x2479</size>
         <input_file_ref idref="fl-20"/>
      </object_component>
      <object_component id="oc-b7">
         <name>.debug_info</name>
         <load_address>0xc3da</load_address>
         <run_address>0xc3da</run_address>
         <size>0x2d4</size>
         <input_file_ref idref="fl-e2"/>
      </object_component>
      <object_component id="oc-51">
         <name>.debug_info</name>
         <load_address>0xc6ae</load_address>
         <run_address>0xc6ae</run_address>
         <size>0x1d2</size>
         <input_file_ref idref="fl-e2"/>
      </object_component>
      <object_component id="oc-b2">
         <name>.debug_info</name>
         <load_address>0xc880</load_address>
         <run_address>0xc880</run_address>
         <size>0x46</size>
         <input_file_ref idref="fl-e2"/>
      </object_component>
      <object_component id="oc-122">
         <name>.debug_info</name>
         <load_address>0xc8c6</load_address>
         <run_address>0xc8c6</run_address>
         <size>0x2c</size>
         <input_file_ref idref="fl-e2"/>
      </object_component>
      <object_component id="oc-25">
         <name>.debug_info</name>
         <load_address>0xc8f2</load_address>
         <run_address>0xc8f2</run_address>
         <size>0x10b</size>
         <input_file_ref idref="fl-e5"/>
      </object_component>
      <object_component id="oc-62">
         <name>.debug_info</name>
         <load_address>0xc9fd</load_address>
         <run_address>0xc9fd</run_address>
         <size>0x1a9</size>
         <input_file_ref idref="fl-e5"/>
      </object_component>
      <object_component id="oc-1a1">
         <name>.debug_info</name>
         <load_address>0xcba6</load_address>
         <run_address>0xcba6</run_address>
         <size>0x4b3</size>
         <input_file_ref idref="fl-e8"/>
      </object_component>
      <object_component id="oc-138">
         <name>.debug_info</name>
         <load_address>0xd059</load_address>
         <run_address>0xd059</run_address>
         <size>0x1a6</size>
         <input_file_ref idref="fl-e8"/>
      </object_component>
      <object_component id="oc-1c6">
         <name>.debug_info</name>
         <load_address>0xd1ff</load_address>
         <run_address>0xd1ff</run_address>
         <size>0x39</size>
         <input_file_ref idref="fl-e8"/>
      </object_component>
      <object_component id="oc-1da">
         <name>.debug_info</name>
         <load_address>0xd238</load_address>
         <run_address>0xd238</run_address>
         <size>0x39</size>
         <input_file_ref idref="fl-e8"/>
      </object_component>
      <object_component id="oc-1cb">
         <name>.debug_info</name>
         <load_address>0xd271</load_address>
         <run_address>0xd271</run_address>
         <size>0x39</size>
         <input_file_ref idref="fl-e8"/>
      </object_component>
      <object_component id="oc-1d0">
         <name>.debug_info</name>
         <load_address>0xd2aa</load_address>
         <run_address>0xd2aa</run_address>
         <size>0xcd</size>
         <input_file_ref idref="fl-e8"/>
      </object_component>
      <object_component id="oc-c1">
         <name>.debug_info</name>
         <load_address>0xd377</load_address>
         <run_address>0xd377</run_address>
         <size>0x153</size>
         <input_file_ref idref="fl-e9"/>
      </object_component>
      <object_component id="oc-12c">
         <name>.debug_info</name>
         <load_address>0xd4ca</load_address>
         <run_address>0xd4ca</run_address>
         <size>0x122</size>
         <input_file_ref idref="fl-eb"/>
      </object_component>
      <object_component id="oc-215">
         <name>.debug_info</name>
         <load_address>0xd5ec</load_address>
         <run_address>0xd5ec</run_address>
         <size>0xa0</size>
      </object_component>
      <object_component id="oc-115">
         <name>.debug_line</name>
         <load_address>0x0</load_address>
         <run_address>0x0</run_address>
         <size>0x91</size>
         <input_file_ref idref="fl-2"/>
      </object_component>
      <object_component id="oc-32">
         <name>.debug_line</name>
         <load_address>0x91</load_address>
         <run_address>0x91</run_address>
         <size>0x9d</size>
         <input_file_ref idref="fl-2"/>
      </object_component>
      <object_component id="oc-9c">
         <name>.debug_line</name>
         <load_address>0x12e</load_address>
         <run_address>0x12e</run_address>
         <size>0x6f</size>
         <input_file_ref idref="fl-2"/>
      </object_component>
      <object_component id="oc-95">
         <name>.debug_line</name>
         <load_address>0x19d</load_address>
         <run_address>0x19d</run_address>
         <size>0x20</size>
         <input_file_ref idref="fl-2"/>
      </object_component>
      <object_component id="oc-119">
         <name>.debug_line</name>
         <load_address>0x1bd</load_address>
         <run_address>0x1bd</run_address>
         <size>0x73</size>
         <input_file_ref idref="fl-2"/>
      </object_component>
      <object_component id="oc-da">
         <name>.debug_line</name>
         <load_address>0x230</load_address>
         <run_address>0x230</run_address>
         <size>0x6f</size>
         <input_file_ref idref="fl-2"/>
      </object_component>
      <object_component id="oc-a1">
         <name>.debug_line</name>
         <load_address>0x29f</load_address>
         <run_address>0x29f</run_address>
         <size>0x70</size>
         <input_file_ref idref="fl-2"/>
      </object_component>
      <object_component id="oc-98">
         <name>.debug_line</name>
         <load_address>0x30f</load_address>
         <run_address>0x30f</run_address>
         <size>0x42</size>
         <input_file_ref idref="fl-3"/>
      </object_component>
      <object_component id="oc-34">
         <name>.debug_line</name>
         <load_address>0x351</load_address>
         <run_address>0x351</run_address>
         <size>0x42</size>
         <input_file_ref idref="fl-3"/>
      </object_component>
      <object_component id="oc-2c">
         <name>.debug_line</name>
         <load_address>0x393</load_address>
         <run_address>0x393</run_address>
         <size>0xa2</size>
         <input_file_ref idref="fl-3"/>
      </object_component>
      <object_component id="oc-3f">
         <name>.debug_line</name>
         <load_address>0x435</load_address>
         <run_address>0x435</run_address>
         <size>0x20</size>
         <input_file_ref idref="fl-3"/>
      </object_component>
      <object_component id="oc-ef">
         <name>.debug_line</name>
         <load_address>0x455</load_address>
         <run_address>0x455</run_address>
         <size>0xd9</size>
         <input_file_ref idref="fl-8"/>
      </object_component>
      <object_component id="oc-176">
         <name>.debug_line</name>
         <load_address>0x52e</load_address>
         <run_address>0x52e</run_address>
         <size>0x65</size>
         <input_file_ref idref="fl-11"/>
      </object_component>
      <object_component id="oc-170">
         <name>.debug_line</name>
         <load_address>0x593</load_address>
         <run_address>0x593</run_address>
         <size>0x37</size>
         <input_file_ref idref="fl-11"/>
      </object_component>
      <object_component id="oc-172">
         <name>.debug_line</name>
         <load_address>0x5ca</load_address>
         <run_address>0x5ca</run_address>
         <size>0x37</size>
         <input_file_ref idref="fl-11"/>
      </object_component>
      <object_component id="oc-174">
         <name>.debug_line</name>
         <load_address>0x601</load_address>
         <run_address>0x601</run_address>
         <size>0x37</size>
         <input_file_ref idref="fl-11"/>
      </object_component>
      <object_component id="oc-7f">
         <name>.debug_line</name>
         <load_address>0x638</load_address>
         <run_address>0x638</run_address>
         <size>0x62d</size>
         <input_file_ref idref="fl-11"/>
      </object_component>
      <object_component id="oc-195">
         <name>.debug_line</name>
         <load_address>0xc65</load_address>
         <run_address>0xc65</run_address>
         <size>0x5f</size>
         <input_file_ref idref="fl-14"/>
      </object_component>
      <object_component id="oc-189">
         <name>.debug_line</name>
         <load_address>0xcc4</load_address>
         <run_address>0xcc4</run_address>
         <size>0x3c</size>
         <input_file_ref idref="fl-14"/>
      </object_component>
      <object_component id="oc-18b">
         <name>.debug_line</name>
         <load_address>0xd00</load_address>
         <run_address>0xd00</run_address>
         <size>0x3c</size>
         <input_file_ref idref="fl-14"/>
      </object_component>
      <object_component id="oc-18d">
         <name>.debug_line</name>
         <load_address>0xd3c</load_address>
         <run_address>0xd3c</run_address>
         <size>0x3c</size>
         <input_file_ref idref="fl-14"/>
      </object_component>
      <object_component id="oc-18f">
         <name>.debug_line</name>
         <load_address>0xd78</load_address>
         <run_address>0xd78</run_address>
         <size>0x3c</size>
         <input_file_ref idref="fl-14"/>
      </object_component>
      <object_component id="oc-191">
         <name>.debug_line</name>
         <load_address>0xdb4</load_address>
         <run_address>0xdb4</run_address>
         <size>0x3c</size>
         <input_file_ref idref="fl-14"/>
      </object_component>
      <object_component id="oc-193">
         <name>.debug_line</name>
         <load_address>0xdf0</load_address>
         <run_address>0xdf0</run_address>
         <size>0x3c</size>
         <input_file_ref idref="fl-14"/>
      </object_component>
      <object_component id="oc-187">
         <name>.debug_line</name>
         <load_address>0xe2c</load_address>
         <run_address>0xe2c</run_address>
         <size>0x3c</size>
         <input_file_ref idref="fl-14"/>
      </object_component>
      <object_component id="oc-8b">
         <name>.debug_line</name>
         <load_address>0xe68</load_address>
         <run_address>0xe68</run_address>
         <size>0x2ba</size>
         <input_file_ref idref="fl-14"/>
      </object_component>
      <object_component id="oc-181">
         <name>.debug_line</name>
         <load_address>0x1122</load_address>
         <run_address>0x1122</run_address>
         <size>0xe6</size>
         <input_file_ref idref="fl-1d"/>
      </object_component>
      <object_component id="oc-17b">
         <name>.debug_line</name>
         <load_address>0x1208</load_address>
         <run_address>0x1208</run_address>
         <size>0x39</size>
         <input_file_ref idref="fl-1d"/>
      </object_component>
      <object_component id="oc-17f">
         <name>.debug_line</name>
         <load_address>0x1241</load_address>
         <run_address>0x1241</run_address>
         <size>0x39</size>
         <input_file_ref idref="fl-1d"/>
      </object_component>
      <object_component id="oc-178">
         <name>.debug_line</name>
         <load_address>0x127a</load_address>
         <run_address>0x127a</run_address>
         <size>0x39</size>
         <input_file_ref idref="fl-1d"/>
      </object_component>
      <object_component id="oc-17d">
         <name>.debug_line</name>
         <load_address>0x12b3</load_address>
         <run_address>0x12b3</run_address>
         <size>0x39</size>
         <input_file_ref idref="fl-1d"/>
      </object_component>
      <object_component id="oc-81">
         <name>.debug_line</name>
         <load_address>0x12ec</load_address>
         <run_address>0x12ec</run_address>
         <size>0x977</size>
         <input_file_ref idref="fl-1d"/>
      </object_component>
      <object_component id="oc-184">
         <name>.debug_line</name>
         <load_address>0x1c63</load_address>
         <run_address>0x1c63</run_address>
         <size>0x39</size>
         <input_file_ref idref="fl-1d"/>
      </object_component>
      <object_component id="oc-16e">
         <name>.debug_line</name>
         <load_address>0x1c9c</load_address>
         <run_address>0x1c9c</run_address>
         <size>0x65</size>
         <input_file_ref idref="fl-20"/>
      </object_component>
      <object_component id="oc-16a">
         <name>.debug_line</name>
         <load_address>0x1d01</load_address>
         <run_address>0x1d01</run_address>
         <size>0x38</size>
         <input_file_ref idref="fl-20"/>
      </object_component>
      <object_component id="oc-16c">
         <name>.debug_line</name>
         <load_address>0x1d39</load_address>
         <run_address>0x1d39</run_address>
         <size>0x38</size>
         <input_file_ref idref="fl-20"/>
      </object_component>
      <object_component id="oc-79">
         <name>.debug_line</name>
         <load_address>0x1d71</load_address>
         <run_address>0x1d71</run_address>
         <size>0x50a</size>
         <input_file_ref idref="fl-20"/>
      </object_component>
      <object_component id="oc-128">
         <name>.debug_line</name>
         <load_address>0x227b</load_address>
         <run_address>0x227b</run_address>
         <size>0x92</size>
         <input_file_ref idref="fl-e2"/>
      </object_component>
      <object_component id="oc-4e">
         <name>.debug_line</name>
         <load_address>0x230d</load_address>
         <run_address>0x230d</run_address>
         <size>0x4c</size>
         <input_file_ref idref="fl-e2"/>
      </object_component>
      <object_component id="oc-b5">
         <name>.debug_line</name>
         <load_address>0x2359</load_address>
         <run_address>0x2359</run_address>
         <size>0x34</size>
         <input_file_ref idref="fl-e2"/>
      </object_component>
      <object_component id="oc-125">
         <name>.debug_line</name>
         <load_address>0x238d</load_address>
         <run_address>0x238d</run_address>
         <size>0x92</size>
         <input_file_ref idref="fl-e2"/>
      </object_component>
      <object_component id="oc-72">
         <name>.debug_line</name>
         <load_address>0x241f</load_address>
         <run_address>0x241f</run_address>
         <size>0x33</size>
         <input_file_ref idref="fl-e5"/>
      </object_component>
      <object_component id="oc-64">
         <name>.debug_line</name>
         <load_address>0x2452</load_address>
         <run_address>0x2452</run_address>
         <size>0x45</size>
         <input_file_ref idref="fl-e5"/>
      </object_component>
      <object_component id="oc-1c5">
         <name>.debug_line</name>
         <load_address>0x2497</load_address>
         <run_address>0x2497</run_address>
         <size>0xbf</size>
         <input_file_ref idref="fl-e8"/>
      </object_component>
      <object_component id="oc-13b">
         <name>.debug_line</name>
         <load_address>0x2556</load_address>
         <run_address>0x2556</run_address>
         <size>0x6f</size>
         <input_file_ref idref="fl-e8"/>
      </object_component>
      <object_component id="oc-1c9">
         <name>.debug_line</name>
         <load_address>0x25c5</load_address>
         <run_address>0x25c5</run_address>
         <size>0x2e</size>
         <input_file_ref idref="fl-e8"/>
      </object_component>
      <object_component id="oc-1dd">
         <name>.debug_line</name>
         <load_address>0x25f3</load_address>
         <run_address>0x25f3</run_address>
         <size>0x9a</size>
         <input_file_ref idref="fl-e8"/>
      </object_component>
      <object_component id="oc-1ce">
         <name>.debug_line</name>
         <load_address>0x268d</load_address>
         <run_address>0x268d</run_address>
         <size>0x97</size>
         <input_file_ref idref="fl-e8"/>
      </object_component>
      <object_component id="oc-1d3">
         <name>.debug_line</name>
         <load_address>0x2724</load_address>
         <run_address>0x2724</run_address>
         <size>0x93</size>
         <input_file_ref idref="fl-e8"/>
      </object_component>
      <object_component id="oc-bf">
         <name>.debug_line</name>
         <load_address>0x27b7</load_address>
         <run_address>0x27b7</run_address>
         <size>0x40</size>
         <input_file_ref idref="fl-e9"/>
      </object_component>
      <object_component id="oc-12f">
         <name>.debug_line</name>
         <load_address>0x27f7</load_address>
         <run_address>0x27f7</run_address>
         <size>0x3c</size>
         <input_file_ref idref="fl-eb"/>
      </object_component>
      <object_component id="oc-2e">
         <name>.debug_frame</name>
         <load_address>0x0</load_address>
         <run_address>0x0</run_address>
         <size>0xa0</size>
         <input_file_ref idref="fl-2"/>
      </object_component>
      <object_component id="oc-28">
         <name>.debug_frame</name>
         <load_address>0xa0</load_address>
         <run_address>0xa0</run_address>
         <size>0x90</size>
         <input_file_ref idref="fl-3"/>
      </object_component>
      <object_component id="oc-f0">
         <name>.debug_frame</name>
         <load_address>0x130</load_address>
         <run_address>0x130</run_address>
         <size>0xbc</size>
         <input_file_ref idref="fl-8"/>
      </object_component>
      <object_component id="oc-7b">
         <name>.debug_frame</name>
         <load_address>0x1ec</load_address>
         <run_address>0x1ec</run_address>
         <size>0x564</size>
         <input_file_ref idref="fl-11"/>
      </object_component>
      <object_component id="oc-8a">
         <name>.debug_frame</name>
         <load_address>0x750</load_address>
         <run_address>0x750</run_address>
         <size>0x1d4</size>
         <input_file_ref idref="fl-14"/>
      </object_component>
      <object_component id="oc-85">
         <name>.debug_frame</name>
         <load_address>0x924</load_address>
         <run_address>0x924</run_address>
         <size>0x5a8</size>
         <input_file_ref idref="fl-1d"/>
      </object_component>
      <object_component id="oc-78">
         <name>.debug_frame</name>
         <load_address>0xecc</load_address>
         <run_address>0xecc</run_address>
         <size>0x3f8</size>
         <input_file_ref idref="fl-20"/>
      </object_component>
      <object_component id="oc-4f">
         <name>.debug_frame</name>
         <load_address>0x12c4</load_address>
         <run_address>0x12c4</run_address>
         <size>0x54</size>
         <input_file_ref idref="fl-e2"/>
      </object_component>
      <object_component id="oc-61">
         <name>.debug_frame</name>
         <load_address>0x1318</load_address>
         <run_address>0x1318</run_address>
         <size>0x50</size>
         <input_file_ref idref="fl-e5"/>
      </object_component>
      <object_component id="oc-13c">
         <name>.debug_frame</name>
         <load_address>0x1368</load_address>
         <run_address>0x1368</run_address>
         <size>0x5c</size>
         <input_file_ref idref="fl-e8"/>
      </object_component>
      <object_component id="oc-c0">
         <name>.debug_frame</name>
         <load_address>0x13c4</load_address>
         <run_address>0x13c4</run_address>
         <size>0x54</size>
         <input_file_ref idref="fl-e9"/>
      </object_component>
      <object_component id="oc-130">
         <name>.debug_frame</name>
         <load_address>0x1418</load_address>
         <run_address>0x1418</run_address>
         <size>0x54</size>
         <input_file_ref idref="fl-eb"/>
      </object_component>
      <object_component id="oc-114">
         <name>.debug_abbrev</name>
         <load_address>0x0</load_address>
         <run_address>0x0</run_address>
         <size>0x9e</size>
         <input_file_ref idref="fl-2"/>
      </object_component>
      <object_component id="oc-91">
         <name>.debug_abbrev</name>
         <load_address>0x9e</load_address>
         <run_address>0x9e</run_address>
         <size>0x8d</size>
         <input_file_ref idref="fl-2"/>
      </object_component>
      <object_component id="oc-9b">
         <name>.debug_abbrev</name>
         <load_address>0x12b</load_address>
         <run_address>0x12b</run_address>
         <size>0x69</size>
         <input_file_ref idref="fl-2"/>
      </object_component>
      <object_component id="oc-94">
         <name>.debug_abbrev</name>
         <load_address>0x194</load_address>
         <run_address>0x194</run_address>
         <size>0x1f</size>
         <input_file_ref idref="fl-2"/>
      </object_component>
      <object_component id="oc-118">
         <name>.debug_abbrev</name>
         <load_address>0x1b3</load_address>
         <run_address>0x1b3</run_address>
         <size>0x5c</size>
         <input_file_ref idref="fl-2"/>
      </object_component>
      <object_component id="oc-d9">
         <name>.debug_abbrev</name>
         <load_address>0x20f</load_address>
         <run_address>0x20f</run_address>
         <size>0x24</size>
         <input_file_ref idref="fl-2"/>
      </object_component>
      <object_component id="oc-a0">
         <name>.debug_abbrev</name>
         <load_address>0x233</load_address>
         <run_address>0x233</run_address>
         <size>0x24</size>
         <input_file_ref idref="fl-2"/>
      </object_component>
      <object_component id="oc-97">
         <name>.debug_abbrev</name>
         <load_address>0x257</load_address>
         <run_address>0x257</run_address>
         <size>0x7c</size>
         <input_file_ref idref="fl-3"/>
      </object_component>
      <object_component id="oc-33">
         <name>.debug_abbrev</name>
         <load_address>0x2d3</load_address>
         <run_address>0x2d3</run_address>
         <size>0x29</size>
         <input_file_ref idref="fl-3"/>
      </object_component>
      <object_component id="oc-73">
         <name>.debug_abbrev</name>
         <load_address>0x2fc</load_address>
         <run_address>0x2fc</run_address>
         <size>0xcb</size>
         <input_file_ref idref="fl-3"/>
      </object_component>
      <object_component id="oc-3e">
         <name>.debug_abbrev</name>
         <load_address>0x3c7</load_address>
         <run_address>0x3c7</run_address>
         <size>0x1f</size>
         <input_file_ref idref="fl-3"/>
      </object_component>
      <object_component id="oc-179">
         <name>.debug_abbrev</name>
         <load_address>0x3e6</load_address>
         <run_address>0x3e6</run_address>
         <size>0xca</size>
         <input_file_ref idref="fl-8"/>
      </object_component>
      <object_component id="oc-175">
         <name>.debug_abbrev</name>
         <load_address>0x4b0</load_address>
         <run_address>0x4b0</run_address>
         <size>0x76</size>
         <input_file_ref idref="fl-11"/>
      </object_component>
      <object_component id="oc-16f">
         <name>.debug_abbrev</name>
         <load_address>0x526</load_address>
         <run_address>0x526</run_address>
         <size>0x27</size>
         <input_file_ref idref="fl-11"/>
      </object_component>
      <object_component id="oc-171">
         <name>.debug_abbrev</name>
         <load_address>0x54d</load_address>
         <run_address>0x54d</run_address>
         <size>0x27</size>
         <input_file_ref idref="fl-11"/>
      </object_component>
      <object_component id="oc-173">
         <name>.debug_abbrev</name>
         <load_address>0x574</load_address>
         <run_address>0x574</run_address>
         <size>0x27</size>
         <input_file_ref idref="fl-11"/>
      </object_component>
      <object_component id="oc-e6">
         <name>.debug_abbrev</name>
         <load_address>0x59b</load_address>
         <run_address>0x59b</run_address>
         <size>0xd6</size>
         <input_file_ref idref="fl-11"/>
      </object_component>
      <object_component id="oc-194">
         <name>.debug_abbrev</name>
         <load_address>0x671</load_address>
         <run_address>0x671</run_address>
         <size>0x92</size>
         <input_file_ref idref="fl-14"/>
      </object_component>
      <object_component id="oc-188">
         <name>.debug_abbrev</name>
         <load_address>0x703</load_address>
         <run_address>0x703</run_address>
         <size>0x27</size>
         <input_file_ref idref="fl-14"/>
      </object_component>
      <object_component id="oc-18a">
         <name>.debug_abbrev</name>
         <load_address>0x72a</load_address>
         <run_address>0x72a</run_address>
         <size>0x27</size>
         <input_file_ref idref="fl-14"/>
      </object_component>
      <object_component id="oc-18c">
         <name>.debug_abbrev</name>
         <load_address>0x751</load_address>
         <run_address>0x751</run_address>
         <size>0x27</size>
         <input_file_ref idref="fl-14"/>
      </object_component>
      <object_component id="oc-18e">
         <name>.debug_abbrev</name>
         <load_address>0x778</load_address>
         <run_address>0x778</run_address>
         <size>0x27</size>
         <input_file_ref idref="fl-14"/>
      </object_component>
      <object_component id="oc-190">
         <name>.debug_abbrev</name>
         <load_address>0x79f</load_address>
         <run_address>0x79f</run_address>
         <size>0x27</size>
         <input_file_ref idref="fl-14"/>
      </object_component>
      <object_component id="oc-192">
         <name>.debug_abbrev</name>
         <load_address>0x7c6</load_address>
         <run_address>0x7c6</run_address>
         <size>0x27</size>
         <input_file_ref idref="fl-14"/>
      </object_component>
      <object_component id="oc-186">
         <name>.debug_abbrev</name>
         <load_address>0x7ed</load_address>
         <run_address>0x7ed</run_address>
         <size>0x29</size>
         <input_file_ref idref="fl-14"/>
      </object_component>
      <object_component id="oc-112">
         <name>.debug_abbrev</name>
         <load_address>0x816</load_address>
         <run_address>0x816</run_address>
         <size>0x101</size>
         <input_file_ref idref="fl-14"/>
      </object_component>
      <object_component id="oc-180">
         <name>.debug_abbrev</name>
         <load_address>0x917</load_address>
         <run_address>0x917</run_address>
         <size>0xb4</size>
         <input_file_ref idref="fl-1d"/>
      </object_component>
      <object_component id="oc-17a">
         <name>.debug_abbrev</name>
         <load_address>0x9cb</load_address>
         <run_address>0x9cb</run_address>
         <size>0x27</size>
         <input_file_ref idref="fl-1d"/>
      </object_component>
      <object_component id="oc-17e">
         <name>.debug_abbrev</name>
         <load_address>0x9f2</load_address>
         <run_address>0x9f2</run_address>
         <size>0x27</size>
         <input_file_ref idref="fl-1d"/>
      </object_component>
      <object_component id="oc-177">
         <name>.debug_abbrev</name>
         <load_address>0xa19</load_address>
         <run_address>0xa19</run_address>
         <size>0x27</size>
         <input_file_ref idref="fl-1d"/>
      </object_component>
      <object_component id="oc-17c">
         <name>.debug_abbrev</name>
         <load_address>0xa40</load_address>
         <run_address>0xa40</run_address>
         <size>0x27</size>
         <input_file_ref idref="fl-1d"/>
      </object_component>
      <object_component id="oc-fb">
         <name>.debug_abbrev</name>
         <load_address>0xa67</load_address>
         <run_address>0xa67</run_address>
         <size>0x12e</size>
         <input_file_ref idref="fl-1d"/>
      </object_component>
      <object_component id="oc-183">
         <name>.debug_abbrev</name>
         <load_address>0xb95</load_address>
         <run_address>0xb95</run_address>
         <size>0x38</size>
         <input_file_ref idref="fl-1d"/>
      </object_component>
      <object_component id="oc-16d">
         <name>.debug_abbrev</name>
         <load_address>0xbcd</load_address>
         <run_address>0xbcd</run_address>
         <size>0x76</size>
         <input_file_ref idref="fl-20"/>
      </object_component>
      <object_component id="oc-169">
         <name>.debug_abbrev</name>
         <load_address>0xc43</load_address>
         <run_address>0xc43</run_address>
         <size>0x27</size>
         <input_file_ref idref="fl-20"/>
      </object_component>
      <object_component id="oc-16b">
         <name>.debug_abbrev</name>
         <load_address>0xc6a</load_address>
         <run_address>0xc6a</run_address>
         <size>0x27</size>
         <input_file_ref idref="fl-20"/>
      </object_component>
      <object_component id="oc-d6">
         <name>.debug_abbrev</name>
         <load_address>0xc91</load_address>
         <run_address>0xc91</run_address>
         <size>0x10e</size>
         <input_file_ref idref="fl-20"/>
      </object_component>
      <object_component id="oc-127">
         <name>.debug_abbrev</name>
         <load_address>0xd9f</load_address>
         <run_address>0xd9f</run_address>
         <size>0x5d</size>
         <input_file_ref idref="fl-e2"/>
      </object_component>
      <object_component id="oc-b1">
         <name>.debug_abbrev</name>
         <load_address>0xdfc</load_address>
         <run_address>0xdfc</run_address>
         <size>0x6f</size>
         <input_file_ref idref="fl-e2"/>
      </object_component>
      <object_component id="oc-b4">
         <name>.debug_abbrev</name>
         <load_address>0xe6b</load_address>
         <run_address>0xe6b</run_address>
         <size>0x24</size>
         <input_file_ref idref="fl-e2"/>
      </object_component>
      <object_component id="oc-124">
         <name>.debug_abbrev</name>
         <load_address>0xe8f</load_address>
         <run_address>0xe8f</run_address>
         <size>0x24</size>
         <input_file_ref idref="fl-e2"/>
      </object_component>
      <object_component id="oc-71">
         <name>.debug_abbrev</name>
         <load_address>0xeb3</load_address>
         <run_address>0xeb3</run_address>
         <size>0x29</size>
         <input_file_ref idref="fl-e5"/>
      </object_component>
      <object_component id="oc-c7">
         <name>.debug_abbrev</name>
         <load_address>0xedc</load_address>
         <run_address>0xedc</run_address>
         <size>0x55</size>
         <input_file_ref idref="fl-e5"/>
      </object_component>
      <object_component id="oc-1c4">
         <name>.debug_abbrev</name>
         <load_address>0xf31</load_address>
         <run_address>0xf31</run_address>
         <size>0xc0</size>
         <input_file_ref idref="fl-e8"/>
      </object_component>
      <object_component id="oc-1a0">
         <name>.debug_abbrev</name>
         <load_address>0xff1</load_address>
         <run_address>0xff1</run_address>
         <size>0x7e</size>
         <input_file_ref idref="fl-e8"/>
      </object_component>
      <object_component id="oc-1c8">
         <name>.debug_abbrev</name>
         <load_address>0x106f</load_address>
         <run_address>0x106f</run_address>
         <size>0x24</size>
         <input_file_ref idref="fl-e8"/>
      </object_component>
      <object_component id="oc-1dc">
         <name>.debug_abbrev</name>
         <load_address>0x1093</load_address>
         <run_address>0x1093</run_address>
         <size>0x24</size>
         <input_file_ref idref="fl-e8"/>
      </object_component>
      <object_component id="oc-1cd">
         <name>.debug_abbrev</name>
         <load_address>0x10b7</load_address>
         <run_address>0x10b7</run_address>
         <size>0x24</size>
         <input_file_ref idref="fl-e8"/>
      </object_component>
      <object_component id="oc-1d2">
         <name>.debug_abbrev</name>
         <load_address>0x10db</load_address>
         <run_address>0x10db</run_address>
         <size>0x4b</size>
         <input_file_ref idref="fl-e8"/>
      </object_component>
      <object_component id="oc-12a">
         <name>.debug_abbrev</name>
         <load_address>0x1126</load_address>
         <run_address>0x1126</run_address>
         <size>0x55</size>
         <input_file_ref idref="fl-e9"/>
      </object_component>
      <object_component id="oc-196">
         <name>.debug_abbrev</name>
         <load_address>0x117b</load_address>
         <run_address>0x117b</run_address>
         <size>0x45</size>
         <input_file_ref idref="fl-eb"/>
      </object_component>
      <object_component id="oc-216">
         <name>.debug_abbrev</name>
         <load_address>0x11c0</load_address>
         <run_address>0x11c0</run_address>
         <size>0xf</size>
      </object_component>
      <object_component id="oc-9d">
         <name>.debug_str</name>
         <load_address>0x0</load_address>
         <run_address>0x0</run_address>
         <size>0x2b1</size>
         <input_file_ref idref="fl-2"/>
      </object_component>
      <object_component id="oc-96">
         <name>.debug_str</name>
         <load_address>0x2b1</load_address>
         <run_address>0x2b1</run_address>
         <size>0xfd</size>
         <input_file_ref idref="fl-2"/>
      </object_component>
      <object_component id="oc-11a">
         <name>.debug_str</name>
         <load_address>0x3ae</load_address>
         <run_address>0x3ae</run_address>
         <size>0x347</size>
         <input_file_ref idref="fl-2"/>
      </object_component>
      <object_component id="oc-db">
         <name>.debug_str</name>
         <load_address>0x6f5</load_address>
         <run_address>0x6f5</run_address>
         <size>0x1bc</size>
         <input_file_ref idref="fl-2"/>
      </object_component>
      <object_component id="oc-a2">
         <name>.debug_str</name>
         <load_address>0x8b1</load_address>
         <run_address>0x8b1</run_address>
         <size>0x149</size>
         <input_file_ref idref="fl-2"/>
      </object_component>
      <object_component id="oc-40">
         <name>.debug_str</name>
         <load_address>0x9fa</load_address>
         <run_address>0x9fa</run_address>
         <size>0xfd</size>
         <input_file_ref idref="fl-3"/>
      </object_component>
      <object_component id="oc-185">
         <name>.debug_str</name>
         <load_address>0xaf7</load_address>
         <run_address>0xaf7</run_address>
         <size>0xc6</size>
         <input_file_ref idref="fl-1d"/>
      </object_component>
      <object_component id="oc-b6">
         <name>.debug_str</name>
         <load_address>0xbbd</load_address>
         <run_address>0xbbd</run_address>
         <size>0x105</size>
         <input_file_ref idref="fl-e2"/>
      </object_component>
      <object_component id="oc-126">
         <name>.debug_str</name>
         <load_address>0xcc2</load_address>
         <run_address>0xcc2</run_address>
         <size>0x140</size>
         <input_file_ref idref="fl-e2"/>
      </object_component>
      <object_component id="oc-1ca">
         <name>.debug_str</name>
         <load_address>0xe02</load_address>
         <run_address>0xe02</run_address>
         <size>0xed</size>
         <input_file_ref idref="fl-e8"/>
      </object_component>
      <object_component id="oc-1de">
         <name>.debug_str</name>
         <load_address>0xeef</load_address>
         <run_address>0xeef</run_address>
         <size>0x157</size>
         <input_file_ref idref="fl-e8"/>
      </object_component>
      <object_component id="oc-1cf">
         <name>.debug_str</name>
         <load_address>0x1046</load_address>
         <run_address>0x1046</run_address>
         <size>0x150</size>
         <input_file_ref idref="fl-e8"/>
      </object_component>
      <object_component id="oc-1d4">
         <name>.debug_str</name>
         <load_address>0x1196</load_address>
         <run_address>0x1196</run_address>
         <size>0x197</size>
         <input_file_ref idref="fl-e8"/>
      </object_component>
      <object_component id="oc-31">
         <name>.debug_aranges</name>
         <load_address>0x0</load_address>
         <run_address>0x0</run_address>
         <size>0x38</size>
         <input_file_ref idref="fl-2"/>
      </object_component>
      <object_component id="oc-2b">
         <name>.debug_aranges</name>
         <load_address>0x38</load_address>
         <run_address>0x38</run_address>
         <size>0x38</size>
         <input_file_ref idref="fl-3"/>
      </object_component>
      <object_component id="oc-ee">
         <name>.debug_aranges</name>
         <load_address>0x70</load_address>
         <run_address>0x70</run_address>
         <size>0x48</size>
         <input_file_ref idref="fl-8"/>
      </object_component>
      <object_component id="oc-7e">
         <name>.debug_aranges</name>
         <load_address>0xb8</load_address>
         <run_address>0xb8</run_address>
         <size>0x1a0</size>
         <input_file_ref idref="fl-11"/>
      </object_component>
      <object_component id="oc-89">
         <name>.debug_aranges</name>
         <load_address>0x258</load_address>
         <run_address>0x258</run_address>
         <size>0xa0</size>
         <input_file_ref idref="fl-14"/>
      </object_component>
      <object_component id="oc-83">
         <name>.debug_aranges</name>
         <load_address>0x2f8</load_address>
         <run_address>0x2f8</run_address>
         <size>0x1e0</size>
         <input_file_ref idref="fl-1d"/>
      </object_component>
      <object_component id="oc-77">
         <name>.debug_aranges</name>
         <load_address>0x4d8</load_address>
         <run_address>0x4d8</run_address>
         <size>0x150</size>
         <input_file_ref idref="fl-20"/>
      </object_component>
      <object_component id="oc-50">
         <name>.debug_aranges</name>
         <load_address>0x628</load_address>
         <run_address>0x628</run_address>
         <size>0x20</size>
         <input_file_ref idref="fl-e2"/>
      </object_component>
      <object_component id="oc-60">
         <name>.debug_aranges</name>
         <load_address>0x648</load_address>
         <run_address>0x648</run_address>
         <size>0x20</size>
         <input_file_ref idref="fl-e5"/>
      </object_component>
      <object_component id="oc-139">
         <name>.debug_aranges</name>
         <load_address>0x668</load_address>
         <run_address>0x668</run_address>
         <size>0x20</size>
         <input_file_ref idref="fl-e8"/>
      </object_component>
      <object_component id="oc-c2">
         <name>.debug_aranges</name>
         <load_address>0x688</load_address>
         <run_address>0x688</run_address>
         <size>0x20</size>
         <input_file_ref idref="fl-e9"/>
      </object_component>
      <object_component id="oc-12d">
         <name>.debug_aranges</name>
         <load_address>0x6a8</load_address>
         <run_address>0x6a8</run_address>
         <size>0x20</size>
         <input_file_ref idref="fl-eb"/>
      </object_component>
      <object_component id="oc-8e">
         <name>.debug_pubnames</name>
         <load_address>0x0</load_address>
         <run_address>0x0</run_address>
         <size>0x30</size>
         <input_file_ref idref="fl-2"/>
      </object_component>
      <object_component id="oc-30">
         <name>.debug_pubnames</name>
         <load_address>0x30</load_address>
         <run_address>0x30</run_address>
         <size>0x4d</size>
         <input_file_ref idref="fl-2"/>
      </object_component>
      <object_component id="oc-14">
         <name>.debug_pubnames</name>
         <load_address>0x7d</load_address>
         <run_address>0x7d</run_address>
         <size>0x23</size>
         <input_file_ref idref="fl-3"/>
      </object_component>
      <object_component id="oc-2a">
         <name>.debug_pubnames</name>
         <load_address>0xa0</load_address>
         <run_address>0xa0</run_address>
         <size>0x4c</size>
         <input_file_ref idref="fl-3"/>
      </object_component>
      <object_component id="oc-ed">
         <name>.debug_pubnames</name>
         <load_address>0xec</load_address>
         <run_address>0xec</run_address>
         <size>0x6a</size>
         <input_file_ref idref="fl-8"/>
      </object_component>
      <object_component id="oc-df">
         <name>.debug_pubnames</name>
         <load_address>0x156</load_address>
         <run_address>0x156</run_address>
         <size>0x31</size>
         <input_file_ref idref="fl-11"/>
      </object_component>
      <object_component id="oc-e2">
         <name>.debug_pubnames</name>
         <load_address>0x187</load_address>
         <run_address>0x187</run_address>
         <size>0x32</size>
         <input_file_ref idref="fl-11"/>
      </object_component>
      <object_component id="oc-e5">
         <name>.debug_pubnames</name>
         <load_address>0x1b9</load_address>
         <run_address>0x1b9</run_address>
         <size>0x2b</size>
         <input_file_ref idref="fl-11"/>
      </object_component>
      <object_component id="oc-7d">
         <name>.debug_pubnames</name>
         <load_address>0x1e4</load_address>
         <run_address>0x1e4</run_address>
         <size>0x44c</size>
         <input_file_ref idref="fl-11"/>
      </object_component>
      <object_component id="oc-102">
         <name>.debug_pubnames</name>
         <load_address>0x630</load_address>
         <run_address>0x630</run_address>
         <size>0x26</size>
         <input_file_ref idref="fl-14"/>
      </object_component>
      <object_component id="oc-105">
         <name>.debug_pubnames</name>
         <load_address>0x656</load_address>
         <run_address>0x656</run_address>
         <size>0x22</size>
         <input_file_ref idref="fl-14"/>
      </object_component>
      <object_component id="oc-108">
         <name>.debug_pubnames</name>
         <load_address>0x678</load_address>
         <run_address>0x678</run_address>
         <size>0x24</size>
         <input_file_ref idref="fl-14"/>
      </object_component>
      <object_component id="oc-10b">
         <name>.debug_pubnames</name>
         <load_address>0x69c</load_address>
         <run_address>0x69c</run_address>
         <size>0x27</size>
         <input_file_ref idref="fl-14"/>
      </object_component>
      <object_component id="oc-10e">
         <name>.debug_pubnames</name>
         <load_address>0x6c3</load_address>
         <run_address>0x6c3</run_address>
         <size>0x26</size>
         <input_file_ref idref="fl-14"/>
      </object_component>
      <object_component id="oc-111">
         <name>.debug_pubnames</name>
         <load_address>0x6e9</load_address>
         <run_address>0x6e9</run_address>
         <size>0x28</size>
         <input_file_ref idref="fl-14"/>
      </object_component>
      <object_component id="oc-ff">
         <name>.debug_pubnames</name>
         <load_address>0x711</load_address>
         <run_address>0x711</run_address>
         <size>0x26</size>
         <input_file_ref idref="fl-14"/>
      </object_component>
      <object_component id="oc-88">
         <name>.debug_pubnames</name>
         <load_address>0x737</load_address>
         <run_address>0x737</run_address>
         <size>0x15b</size>
         <input_file_ref idref="fl-14"/>
      </object_component>
      <object_component id="oc-f3">
         <name>.debug_pubnames</name>
         <load_address>0x892</load_address>
         <run_address>0x892</run_address>
         <size>0x23</size>
         <input_file_ref idref="fl-1d"/>
      </object_component>
      <object_component id="oc-f9">
         <name>.debug_pubnames</name>
         <load_address>0x8b5</load_address>
         <run_address>0x8b5</run_address>
         <size>0x29</size>
         <input_file_ref idref="fl-1d"/>
      </object_component>
      <object_component id="oc-ea">
         <name>.debug_pubnames</name>
         <load_address>0x8de</load_address>
         <run_address>0x8de</run_address>
         <size>0x26</size>
         <input_file_ref idref="fl-1d"/>
      </object_component>
      <object_component id="oc-f6">
         <name>.debug_pubnames</name>
         <load_address>0x904</load_address>
         <run_address>0x904</run_address>
         <size>0x2c</size>
         <input_file_ref idref="fl-1d"/>
      </object_component>
      <object_component id="oc-84">
         <name>.debug_pubnames</name>
         <load_address>0x930</load_address>
         <run_address>0x930</run_address>
         <size>0x59a</size>
         <input_file_ref idref="fl-1d"/>
      </object_component>
      <object_component id="oc-d2">
         <name>.debug_pubnames</name>
         <load_address>0xeca</load_address>
         <run_address>0xeca</run_address>
         <size>0x2a</size>
         <input_file_ref idref="fl-20"/>
      </object_component>
      <object_component id="oc-d5">
         <name>.debug_pubnames</name>
         <load_address>0xef4</load_address>
         <run_address>0xef4</run_address>
         <size>0x33</size>
         <input_file_ref idref="fl-20"/>
      </object_component>
      <object_component id="oc-76">
         <name>.debug_pubnames</name>
         <load_address>0xf27</load_address>
         <run_address>0xf27</run_address>
         <size>0x339</size>
         <input_file_ref idref="fl-20"/>
      </object_component>
      <object_component id="oc-52">
         <name>.debug_pubnames</name>
         <load_address>0x1260</load_address>
         <run_address>0x1260</run_address>
         <size>0x2e</size>
         <input_file_ref idref="fl-e2"/>
      </object_component>
      <object_component id="oc-26">
         <name>.debug_pubnames</name>
         <load_address>0x128e</load_address>
         <run_address>0x128e</run_address>
         <size>0x1e</size>
         <input_file_ref idref="fl-e5"/>
      </object_component>
      <object_component id="oc-63">
         <name>.debug_pubnames</name>
         <load_address>0x12ac</load_address>
         <run_address>0x12ac</run_address>
         <size>0x26</size>
         <input_file_ref idref="fl-e5"/>
      </object_component>
      <object_component id="oc-13a">
         <name>.debug_pubnames</name>
         <load_address>0x12d2</load_address>
         <run_address>0x12d2</run_address>
         <size>0x35</size>
         <input_file_ref idref="fl-e8"/>
      </object_component>
      <object_component id="oc-c3">
         <name>.debug_pubnames</name>
         <load_address>0x1307</load_address>
         <run_address>0x1307</run_address>
         <size>0x27</size>
         <input_file_ref idref="fl-e9"/>
      </object_component>
      <object_component id="oc-12e">
         <name>.debug_pubnames</name>
         <load_address>0x132e</load_address>
         <run_address>0x132e</run_address>
         <size>0x1c</size>
         <input_file_ref idref="fl-eb"/>
      </object_component>
      <object_component id="oc-9a">
         <name>.debug_pubtypes</name>
         <load_address>0x0</load_address>
         <run_address>0x0</run_address>
         <size>0x25c</size>
         <input_file_ref idref="fl-2"/>
      </object_component>
      <object_component id="oc-93">
         <name>.debug_pubtypes</name>
         <load_address>0x25c</load_address>
         <run_address>0x25c</run_address>
         <size>0xff</size>
         <input_file_ref idref="fl-2"/>
      </object_component>
      <object_component id="oc-117">
         <name>.debug_pubtypes</name>
         <load_address>0x35b</load_address>
         <run_address>0x35b</run_address>
         <size>0x330</size>
         <input_file_ref idref="fl-2"/>
      </object_component>
      <object_component id="oc-d8">
         <name>.debug_pubtypes</name>
         <load_address>0x68b</load_address>
         <run_address>0x68b</run_address>
         <size>0x12e</size>
         <input_file_ref idref="fl-2"/>
      </object_component>
      <object_component id="oc-9f">
         <name>.debug_pubtypes</name>
         <load_address>0x7b9</load_address>
         <run_address>0x7b9</run_address>
         <size>0xaa</size>
         <input_file_ref idref="fl-2"/>
      </object_component>
      <object_component id="oc-3d">
         <name>.debug_pubtypes</name>
         <load_address>0x863</load_address>
         <run_address>0x863</run_address>
         <size>0xed</size>
         <input_file_ref idref="fl-3"/>
      </object_component>
      <object_component id="oc-b3">
         <name>.debug_pubtypes</name>
         <load_address>0x950</load_address>
         <run_address>0x950</run_address>
         <size>0x48</size>
         <input_file_ref idref="fl-e2"/>
      </object_component>
      <object_component id="oc-123">
         <name>.debug_pubtypes</name>
         <load_address>0x998</load_address>
         <run_address>0x998</run_address>
         <size>0x1d</size>
         <input_file_ref idref="fl-e2"/>
      </object_component>
      <object_component id="oc-1c7">
         <name>.debug_pubtypes</name>
         <load_address>0x9b5</load_address>
         <run_address>0x9b5</run_address>
         <size>0x32</size>
         <input_file_ref idref="fl-e8"/>
      </object_component>
      <object_component id="oc-1db">
         <name>.debug_pubtypes</name>
         <load_address>0x9e7</load_address>
         <run_address>0x9e7</run_address>
         <size>0x30</size>
         <input_file_ref idref="fl-e8"/>
      </object_component>
      <object_component id="oc-1cc">
         <name>.debug_pubtypes</name>
         <load_address>0xa17</load_address>
         <run_address>0xa17</run_address>
         <size>0x2c</size>
         <input_file_ref idref="fl-e8"/>
      </object_component>
      <object_component id="oc-1d1">
         <name>.debug_pubtypes</name>
         <load_address>0xa43</load_address>
         <run_address>0xa43</run_address>
         <size>0x50</size>
         <input_file_ref idref="fl-e8"/>
      </object_component>
   </object_component_list>
   <logical_group_list>
      <logical_group id="lg-3" display="no" color="cyan">
         <name>.intvecs</name>
         <load_address>0x0</load_address>
         <run_address>0x0</run_address>
         <size>0x208</size>
         <contents>
            <object_component_ref idref="oc-12"/>
         </contents>
      </logical_group>
      <logical_group id="lg-4" display="no" color="cyan">
         <name>.text</name>
         <load_address>0x208</load_address>
         <run_address>0x208</run_address>
         <size>0x26ba</size>
         <contents>
            <object_component_ref idref="oc-80"/>
            <object_component_ref idref="oc-7a"/>
            <object_component_ref idref="oc-74"/>
            <object_component_ref idref="oc-86"/>
            <object_component_ref idref="oc-2d"/>
            <object_component_ref idref="oc-137"/>
            <object_component_ref idref="oc-eb"/>
            <object_component_ref idref="oc-5f"/>
[...]
         <value>0x18a5</value>
         <object_component_ref idref="oc-7a"/>
      </symbol>
      <symbol id="sm-17e">
         <name>GPIOPinTypeEPI</name>
         <value>0x1935</value>
         <object_component_ref idref="oc-7a"/>
      </symbol>
      <symbol id="sm-17f">
         <name>GPIOPinTypeEthernetLED</name>
         <value>0x1959</value>
         <object_component_ref idref="oc-7a"/>
      </symbol>
      <symbol id="sm-180">
         <name>GPIOPinWakeStatus</name>
         <value>0x1c2d</value>
         <object_component_ref idref="oc-7a"/>
      </symbol>
      <symbol id="sm-1ff">
         <name>IntPendClear</name>
         <value>0x2689</value>
         <object_component_ref idref="oc-86"/>
      </symbol>
      <symbol id="sm-200">
         <name>IntPriorityGroupingGet</name>
         <value>0x2403</value>
         <object_component_ref idref="oc-86"/>
      </symbol>
      <symbol id="sm-201">
         <name>IntPrioritySet</name>
         <value>0x243b</value>
         <object_component_ref idref="oc-86"/>
      </symbol>
      <symbol id="sm-202">
         <name>IntIsEnabled</name>
         <value>0x2593</value>
         <object_component_ref idref="oc-86"/>
      </symbol>
      <symbol id="sm-203">
         <name>IntEnable</name>
         <value>0x24af</value>
         <object_component_ref idref="oc-86"/>
      </symbol>
      <symbol id="sm-204">
         <name>IntTrigger</name>
         <value>0x26eb</value>
         <object_component_ref idref="oc-86"/>
      </symbol>
      <symbol id="sm-205">
         <name>IntPriorityMaskSet</name>
         <value>0x26d7</value>
         <object_component_ref idref="oc-86"/>
      </symbol>
      <symbol id="sm-206">
         <name>IntPriorityGroupingSet</name>
         <value>0x23e9</value>
         <object_component_ref idref="oc-86"/>
      </symbol>
      <symbol id="sm-207">
         <name>IntDisable</name>
         <value>0x2521</value>
         <object_component_ref idref="oc-86"/>
      </symbol>
      <symbol id="sm-208">
         <name>IntRegister</name>
         <value>0x2383</value>
         <object_component_ref idref="oc-86"/>
      </symbol>
      <symbol id="sm-209">
         <name>IntPriorityGet</name>
         <value>0x248b</value>
         <object_component_ref idref="oc-86"/>
      </symbol>
      <symbol id="sm-20a">
         <name>IntMasterDisable</name>
         <value>0x2373</value>
         <object_component_ref idref="oc-86"/>
      </symbol>
      <symbol id="sm-20b">
         <name>IntUnregister</name>
         <value>0x23d5</value>
         <object_component_ref idref="oc-86"/>
      </symbol>
      <symbol id="sm-20c">
         <name>IntPriorityMaskGet</name>
         <value>0x26e3</value>
         <object_component_ref idref="oc-86"/>
      </symbol>
      <symbol id="sm-20d">
         <name>g_pfnRAMVectors</name>
         <value>0x20000000</value>
         <object_component_ref idref="oc-fd"/>
      </symbol>
      <symbol id="sm-20e">
         <name>IntMasterEnable</name>
         <value>0x2363</value>
         <object_component_ref idref="oc-86"/>
      </symbol>
      <symbol id="sm-20f">
         <name>IntPendSet</name>
         <value>0x2619</value>
         <object_component_ref idref="oc-86"/>
      </symbol>
      <symbol id="sm-358">
         <name>SysCtlGPIOAHBEnable</name>
         <value>0xfb3</value>
         <object_component_ref idref="oc-80"/>
      </symbol>
      <symbol id="sm-359">
         <name>SysCtlIntRegister</name>
         <value>0x691</value>
         <object_component_ref idref="oc-80"/>
      </symbol>
      <symbol id="sm-35a">
         <name>SysCtlFlashSizeGet</name>
         <value>0x2d3</value>
         <object_component_ref idref="oc-80"/>
      </symbol>
      <symbol id="sm-35b">
         <name>SysCtlPeripheralDeepSleepEnable</name>
         <value>0x5a5</value>
         <object_component_ref idref="oc-80"/>
      </symbol>
      <symbol id="sm-35c">
         <name>SysCtlLDODeepSleepGet</name>
         <value>0x737</value>
         <object_component_ref idref="oc-80"/>
      </symbol>
      <symbol id="sm-35d">
         <name>SysCtlFlashSectorSizeGet</name>
         <value>0x2ff</value>
         <object_component_ref idref="oc-80"/>
      </symbol>
      <symbol id="sm-35e">
         <name>SysCtlIntDisable</name>
         <value>0x6cd</value>
         <object_component_ref idref="oc-80"/>
      </symbol>
      <symbol id="sm-35f">
         <name>SysCtlResetBehaviorGet</name>
         <value>0x81d</value>
         <object_component_ref idref="oc-80"/>
      </symbol>
      <symbol id="sm-360">
         <name>SysCtlPeripheralPresent</name>
         <value>0x325</value>
         <object_component_ref idref="oc-80"/>
      </symbol>
      <symbol id="sm-361">
         <name>SysCtlDeepSleepClockSet</name>
         <value>0xedb</value>
         <object_component_ref idref="oc-80"/>
      </symbol>
      <symbol id="sm-362">
         <name>SysCtlClockSet</name>
         <value>0xb65</value>
         <object_component_ref idref="oc-80"/>
      </symbol>
      <symbol id="sm-363">
         <name>SysCtlAltClkConfig</name>
         <value>0x1145</value>
         <object_component_ref idref="oc-80"/>
      </symbol>
      <symbol id="sm-364">
         <name>SysCtlPeripheralClockGating</name>
         <value>0x63d</value>
         <object_component_ref idref="oc-80"/>
      </symbol>
      <symbol id="sm-365">
         <name>SysCtlIntStatus</name>
         <value>0x6f5</value>
         <object_component_ref idref="oc-80"/>
      </symbol>
      <symbol id="sm-366">
         <name>SysCtlIntClear</name>
         <value>0x6e5</value>
         <object_component_ref idref="oc-80"/>
      </symbol>
      <symbol id="sm-367">
         <name>SysCtlVoltageEventStatus</name>
         <value>0x1019</value>
         <object_component_ref idref="oc-80"/>
      </symbol>
      <symbol id="sm-368">
         <name>SysCtlVoltageEventConfig</name>
         <value>0x1009</value>
         <object_component_ref idref="oc-80"/>
      </symbol>
      <symbol id="sm-369">
         <name>SysCtlResetCauseGet</name>
         <value>0x78d</value>
         <object_component_ref idref="oc-80"/>
      </symbol>
      <symbol id="sm-36a">
         <name>SysCtlSleep</name>
         <value>0x769</value>
         <object_component_ref idref="oc-80"/>
      </symbol>
      <symbol id="sm-36b">
         <name>SysCtlPWMClockGet</name>
         <value>0xf9d</value>
         <object_component_ref idref="oc-80"/>
      </symbol>
      <symbol id="sm-36c">
         <name>SysCtlDeepSleepPowerSet</name>
         <value>0x751</value>
         <object_component_ref idref="oc-80"/>
      </symbol>
      <symbol id="sm-36d">
         <name>SysCtlClockOutConfig</name>
         <value>0x1129</value>
         <object_component_ref idref="oc-80"/>
      </symbol>
      <symbol id="sm-36e">
         <name>SysCtlNMIStatus</name>
         <value>0x10f9</value>
         <object_component_ref idref="oc-80"/>
      </symbol>
      <symbol id="sm-36f">
         <name>SysCtlDeepSleepClockConfigSet</name>
         <value>0xef9</value>
         <object_component_ref idref="oc-80"/>
      </symbol>
      <symbol id="sm-370">
         <name>SysCtlDelay</name>
         <value>0x28b5</value>
         <object_component_ref idref="oc-fa"/>
      </symbol>
      <symbol id="sm-371">
         <name>SysCtlVoltageEventClear</name>
         <value>0x1025</value>
         <object_component_ref idref="oc-80"/>
      </symbol>
      <symbol id="sm-372">
         <name>SysCtlLDOSleepSet</name>
         <value>0x711</value>
         <object_component_ref idref="oc-80"/>
      </symbol>
      <symbol id="sm-373">
         <name>SysCtlMOSCConfigSet</name>
         <value>0x7a7</value>
         <object_component_ref idref="oc-80"/>
      </symbol>
      <symbol id="sm-374">
         <name>SysCtlPeripheralEnable</name>
         <value>0x4a5</value>
         <object_component_ref idref="oc-80"/>
      </symbol>
      <symbol id="sm-375">
         <name>SysCtlIntEnable</name>
         <value>0x6b9</value>
         <object_component_ref idref="oc-80"/>
      </symbol>
      <symbol id="sm-376">
         <name>SysCtlNMIClear</name>
         <value>0x110d</value>
         <object_component_ref idref="oc-80"/>
      </symbol>
      <symbol id="sm-377">
         <name>SysCtlPeripheralPowerOff</name>
         <value>0x3e1</value>
         <object_component_ref idref="oc-80"/>
      </symbol>
      <symbol id="sm-378">
         <name>SysCtlSleepPowerSet</name>
         <value>0x73d</value>
         <object_component_ref idref="oc-80"/>
      </symbol>
      <symbol id="sm-379">
         <name>SysCtlDeepSleep</name>
         <value>0x771</value>
         <object_component_ref idref="oc-80"/>
      </symbol>
      <symbol id="sm-37a">
         <name>SysCtlLDODeepSleepSet</name>
         <value>0x727</value>
         <object_component_ref idref="oc-80"/>
      </symbol>
      <symbol id="sm-37b">
         <name>SysCtlPeripheralPowerOn</name>
         <value>0x3a5</value>
         <object_component_ref idref="oc-80"/>
      </symbol>
      <symbol id="sm-37c">
         <name>SysCtlPeripheralDeepSleepDisable</name>
         <value>0x5f5</value>
         <object_component_ref idref="oc-80"/>
      </symbol>
      <symbol id="sm-37d">
         <name>SysCtlPeripheralSleepDisable</name>
         <value>0x569</value>
         <object_component_ref idref="oc-80"/>
      </symbol>
      <symbol id="sm-37e">
         <name>SysCtlVCOGet</name>
         <value>0x103d</value>
         <object_component_ref idref="oc-80"/>
      </symbol>
      <symbol id="sm-37f">
         <name>SysCtlResetBehaviorSet</name>
         <value>0x80d</value>
         <object_component_ref idref="oc-80"/>
      </symbol>
      <symbol id="sm-380">
         <name>SysCtlReset</name>
         <value>0x761</value>
         <object_component_ref idref="oc-80"/>
      </symbol>
      <symbol id="sm-381">
         <name>SysCtlGPIOAHBDisable</name>
         <value>0xfcf</value>
         <object_component_ref idref="oc-80"/>
      </symbol>
      <symbol id="sm-382">
         <name>SysCtlSRAMSizeGet</name>
         <value>0x2c9</value>
         <object_component_ref idref="oc-80"/>
      </symbol>
      <symbol id="sm-383">
         <name>SysCtlClockGet</name>
         <value>0xd35</value>
         <object_component_ref idref="oc-80"/>
      </symbol>
      <symbol id="sm-384">
         <name>SysCtlPeripheralDisable</name>
         <value>0x4e1</value>
         <object_component_ref idref="oc-80"/>
      </symbol>
      <symbol id="sm-385">
         <name>SysCtlPWMClockSet</name>
         <value>0xf83</value>
         <object_component_ref idref="oc-80"/>
      </symbol>
      <symbol id="sm-386">
         <name>SysCtlUSBPLLEnable</name>
         <value>0xfeb</value>
         <object_component_ref idref="oc-80"/>
      </symbol>
      <symbol id="sm-387">
         <name>SysCtlPeripheralSleepEnable</name>
         <value>0x525</value>
         <object_component_ref idref="oc-80"/>
      </symbol>
      <symbol id="sm-388">
         <name>SysCtlIntUnregister</name>
         <value>0x6a9</value>
         <object_component_ref idref="oc-80"/>
      </symbol>
      <symbol id="sm-389">
         <name>SysCtlUSBPLLDisable</name>
         <value>0xff7</value>
         <object_component_ref idref="oc-80"/>
      </symbol>
      <symbol id="sm-38a">
         <name>SysCtlPeripheralReady</name>
         <value>0x365</value>
         <object_component_ref idref="oc-80"/>
      </symbol>
      <symbol id="sm-38b">
         <name>SysCtlPIOSCCalibrate</name>
         <value>0x7bd</value>
         <object_component_ref idref="oc-80"/>
      </symbol>
      <symbol id="sm-38c">
         <name>SysCtlResetCauseClear</name>
         <value>0x793</value>
         <object_component_ref idref="oc-80"/>
      </symbol>
      <symbol id="sm-38d">
         <name>SysCtlLDOSleepGet</name>
         <value>0x721</value>
         <object_component_ref idref="oc-80"/>
      </symbol>
      <symbol id="sm-38e">
         <name>SysCtlClockFreqSet</name>
         <value>0x86d</value>
         <object_component_ref idref="oc-80"/>
      </symbol>
      <symbol id="sm-38f">
         <name>SysCtlPeripheralReset</name>
         <value>0x41d</value>
         <object_component_ref idref="oc-80"/>
      </symbol>
      <symbol id="sm-409">
         <name>TimerMatchSet</name>
         <value>0x2181</value>
         <object_component_ref idref="oc-74"/>
      </symbol>
      <symbol id="sm-40a">
         <name>TimerLoadSet</name>
         <value>0x20a1</value>
         <object_component_ref idref="oc-74"/>
      </symbol>
      <symbol id="sm-40b">
         <name>TimerDMAEventSet</name>
         <value>0x22eb</value>
         <object_component_ref idref="oc-74"/>
      </symbol>
      <symbol id="sm-40c">
         <name>TimerADCEventSet</name>
         <value>0x22cb</value>
         <object_component_ref idref="oc-74"/>
      </symbol>
      <symbol id="sm-40d">
         <name>TimerPrescaleMatchGet</name>
         <value>0x2085</value>
         <object_component_ref idref="oc-74"/>
      </symbol>
      <symbol id="sm-40e">
         <name>TimerPrescaleGet</name>
         <value>0x203b</value>
         <object_component_ref idref="oc-74"/>
      </symbol>
      <symbol id="sm-40f">
         <name>TimerControlLevel</name>
         <value>0x1e47</value>
         <object_component_ref idref="oc-74"/>
      </symbol>
      <symbol id="sm-410">
         <name>TimerDisable</name>
         <value>0x1dad</value>
         <object_component_ref idref="oc-74"/>
      </symbol>
      <symbol id="sm-411">
         <name>TimerUpdateMode</name>
         <value>0x230b</value>
         <object_component_ref idref="oc-74"/>
      </symbol>
      <symbol id="sm-412">
         <name>TimerIntRegister</name>
         <value>0x2213</value>
         <object_component_ref idref="oc-74"/>
      </symbol>
      <symbol id="sm-413">
         <name>TimerMatchSet64</name>
         <value>0x21c7</value>
         <object_component_ref idref="oc-74"/>
      </symbol>
      <symbol id="sm-414">
         <name>TimerEnable</name>
         <value>0x1d8f</value>
         <object_component_ref idref="oc-74"/>
      </symbol>
      <symbol id="sm-415">
         <name>TimerLoadGet64</name>
         <value>0x2101</value>
         <object_component_ref idref="oc-74"/>
      </symbol>
      <symbol id="sm-416">
         <name>TimerIntUnregister</name>
         <value>0x223b</value>
         <object_component_ref idref="oc-74"/>
      </symbol>
      <symbol id="sm-417">
         <name>TimerValueGet64</name>
         <value>0x214f</value>
         <object_component_ref idref="oc-74"/>
      </symbol>
      <symbol id="sm-418">
         <name>TimerMatchGet</name>
         <value>0x21ab</value>
         <object_component_ref idref="oc-74"/>
      </symbol>
      <symbol id="sm-419">
         <name>TimerIntStatus</name>
         <value>0x2289</value>
         <object_component_ref idref="oc-74"/>
      </symbol>
      <symbol id="sm-41a">
         <name>TimerClockSourceGet</name>
         <value>0x2001</value>
         <object_component_ref idref="oc-74"/>
      </symbol>
      <symbol id="sm-41b">
         <name>TimerIntDisable</name>
         <value>0x2271</value>
         <object_component_ref idref="oc-74"/>
      </symbol>
      <symbol id="sm-41c">
         <name>TimerValueGet</name>
         <value>0x2133</value>
         <object_component_ref idref="oc-74"/>
      </symbol>
      <symbol id="sm-41d">
         <name>TimerControlTrigger</name>
         <value>0x1e7d</value>
         <object_component_ref idref="oc-74"/>
      </symbol>
      <symbol id="sm-41e">
         <name>TimerPrescaleSet</name>
         <value>0x2011</value>
         <object_component_ref idref="oc-74"/>
      </symbol>
      <symbol id="sm-41f">
         <name>TimerControlStall</name>
         <value>0x1f15</value>
         <object_component_ref idref="oc-74"/>
      </symbol>
      <symbol id="sm-420">
         <name>TimerMatchGet64</name>
         <value>0x21e1</value>
         <object_component_ref idref="oc-74"/>
      </symbol>
      <symbol id="sm-421">
         <name>TimerRTCEnable</name>
         <value>0x1fab</value>
         <object_component_ref idref="oc-74"/>
      </symbol>
      <symbol id="sm-422">
         <name>TimerLoadGet</name>
         <value>0x20cb</value>
         <object_component_ref idref="oc-74"/>
      </symbol>
      <symbol id="sm-423">
         <name>TimerIntEnable</name>
         <value>0x2259</value>
         <object_component_ref idref="oc-74"/>
      </symbol>
      <symbol id="sm-424">
         <name>TimerClockSourceSet</name>
         <value>0x1fd7</value>
         <object_component_ref idref="oc-74"/>
      </symbol>
      <symbol id="sm-425">
         <name>TimerLoadSet64</name>
         <value>0x20e7</value>
         <object_component_ref idref="oc-74"/>
      </symbol>
      <symbol id="sm-426">
         <name>TimerDMAEventGet</name>
         <value>0x22fd</value>
         <object_component_ref idref="oc-74"/>
      </symbol>
      <symbol id="sm-427">
         <name>TimerRTCDisable</name>
         <value>0x1fc1</value>
         <object_component_ref idref="oc-74"/>
      </symbol>
      <symbol id="sm-428">
         <name>TimerADCEventGet</name>
         <value>0x22dd</value>
         <object_component_ref idref="oc-74"/>
      </symbol>
      <symbol id="sm-429">
         <name>TimerPrescaleMatchSet</name>
         <value>0x2057</value>
         <object_component_ref idref="oc-74"/>
      </symbol>
      <symbol id="sm-42a">
         <name>TimerControlWaitOnTrigger</name>
         <value>0x1f4b</value>
         <object_component_ref idref="oc-74"/>
      </symbol>
      <symbol id="sm-42b">
         <name>TimerConfigure</name>
         <value>0x1dcb</value>
         <object_component_ref idref="oc-74"/>
      </symbol>
      <symbol id="sm-42c">
         <name>TimerControlEvent</name>
         <value>0x1eeb</value>
         <object_component_ref idref="oc-74"/>
      </symbol>
      <symbol id="sm-42d">
         <name>TimerIntClear</name>
         <value>0x22a7</value>
         <object_component_ref idref="oc-74"/>
      </symbol>
      <symbol id="sm-42e">
         <name>TimerSynchronize</name>
         <value>0x22b9</value>
         <object_component_ref idref="oc-74"/>
      </symbol>
      <symbol id="sm-44b">
         <name>__TI_zero_init_nomemset</name>
         <value>0x288d</value>
         <object_component_ref idref="oc-4d"/>
      </symbol>
      <symbol id="sm-460">
         <name>__stack</name>
         <value>0x20000270</value>
         <object_component_ref idref="oc-24"/>
      </symbol>
      <symbol id="sm-461">
         <name>_c_int00_noargs</name>
         <value>0x2859</value>
         <object_component_ref idref="oc-5f"/>
      </symbol>
      <symbol id="sm-48b">
         <name>__TI_auto_init_nobinit_nopinit</name>
         <value>0x27d5</value>
         <object_component_ref idref="oc-137"/>
      </symbol>
      <symbol id="sm-495">
         <name>_system_pre_init</name>
         <value>0x28bb</value>
         <object_component_ref idref="oc-be"/>
      </symbol>
      <symbol id="sm-4a1">
         <name>C$$EXIT</name>
         <value>0x28bf</value>
         <object_component_ref idref="oc-12b"/>
      </symbol>
      <symbol id="sm-4a2">
         <name>abort</name>
         <value>0x28bf</value>
         <object_component_ref idref="oc-12b"/>
      </symbol>
      <symbol id="sm-4a5">
         <name>__TI_static_base__</name>
         <value>0x0</value>
      </symbol>
      <symbol id="sm-4a7">
         <name>__mpu_init</name>
         <value>0x0</value>
      </symbol>
      <symbol id="sm-4a8">
         <name>_system_post_cinit</name>
         <value>0x0</value>
      </symbol>
   </symbol_table>
   <title>Link successful</title>
</link_info>
