******************************************************************************
                  TI ARM Linker PC v20.2.7                     
******************************************************************************
>> Linked Tue Jul 11 14:59:44 2023

OUTPUT FILE NAME:   <TimerInterrupt.out>
ENTRY POINT SYMBOL: "_c_int00_noargs"  address: 00002859


MEMORY CONFIGURATION

         name            origin    length      used     unused   attr    fill
----------------------  --------  ---------  --------  --------  ----  --------
  FLASH                 00000000   00100000  00002f0e  000fd0f2  R  X
  SRAM                  20000000   00040000  00000475  0003fb8b  RW X


SEGMENT ALLOCATION MAP

run origin  load origin   length   init length attrs members
----------  ----------- ---------- ----------- ----- -------
00000000    00000000    00002f14   00002f14    r-x
  00000000    00000000    00000208   00000208    r-- .intvecs
  00000208    00000208    000026ba   000026ba    r-x .text
  000028c4    000028c4    00000628   00000628    r-- .const
  00002ef0    00002ef0    00000024   00000024    r-- .cinit
20000000    20000000    00000479   00000000    rw-
  20000000    20000000    0000026c   00000000    rw- .vtable
  20000270    20000270    00000200   00000000    rw- .stack
  20000470    20000470    00000009   00000000    rw- .bss


SECTION ALLOCATION MAP

 output                                  attributes/
section   page    origin      length       input sections
--------  ----  ----------  ----------   ----------------
.intvecs   0    00000000    00000208     
                  00000000    00000208     tm4c1294ncpdt_startup_ccs.obj (.intvecs)

.text      0    00000208    000026ba     
                  00000208    00000f80     sysctl.obj (.text)
                  00001188    00000b94     gpio.obj (.text)
                  00001d1c    00000642     timer.obj (.text)
                  0000235e    00000002     --HOLE-- [fill = 0]
                  00002360    000003c0     interrupt.obj (.text)
                  00002720    000000b4     main.obj (.text)
                  000027d4    00000044     rtsv7M4_T_le_v4SPD16_eabi.lib : autoinit.c.obj (.text:__TI_auto_init_nobinit_nopinit:__TI_auto_init_nobinit_nopinit)
                  00002818    0000003e     cpu.obj (.text)
                  00002856    00000002     --HOLE-- [fill = 0]
                  00002858    00000034     rtsv7M4_T_le_v4SPD16_eabi.lib : boot_cortex_m.c.obj (.text:_c_int00_noargs:_c_int00_noargs)
                  0000288c    0000001c                                   : copy_zero_init.c.obj (.text:decompress:ZI:__TI_zero_init_nomemset:__TI_zero_init_nomemset)
                  000028a8    0000000c     tm4c1294ncpdt_startup_ccs.obj (.text)
                  000028b4    00000006     sysctl.obj (.text:SysCtlDelay)
                  000028ba    00000004     rtsv7M4_T_le_v4SPD16_eabi.lib : pre_init.c.obj (.text:_system_pre_init)
                  000028be    00000004                                   : exit.c.obj (.text:abort:abort)

.const     0    000028c4    00000628     
                  000028c4    000001b0     sysctl.obj (.const:g_pppui32XTALtoVCO)
                  00002a74    000000d8     gpio.obj (.const:g_ppui32GPIOIntMapSnowflake)
                  00002b4c    000000c0     gpio.obj (.const:g_ppui32GPIOIntMapBlizzard)
                  00002c0c    0000009c     interrupt.obj (.const:g_pui32Regs)
                  00002ca8    00000090     gpio.obj (.const:g_pui32GPIOBaseAddrs)
                  00002d38    0000006c     sysctl.obj (.const:g_pui32Xtals)
                  00002da4    00000060     timer.obj (.const:g_ppui32TimerIntMap)
                  00002e04    00000040     timer.obj (.const:g_ppui32TimerIntMapSnowflake)
                  00002e44    00000030     sysctl.obj (.const:g_sXTALtoMEMTIM)
                  00002e74    00000020     interrupt.obj (.const:g_pui32Priority)
                  00002e94    00000014     interrupt.obj (.const:g_pui32Dii16Regs)
                  00002ea8    00000014     interrupt.obj (.const:g_pui32EnRegs)
                  00002ebc    00000014     interrupt.obj (.const:g_pui32PendRegs)
                  00002ed0    00000014     interrupt.obj (.const:g_pui32UnpendRegs)
                  00002ee4    00000008     sysctl.obj (.const:g_pui32VCOFrequencies)

.cinit     0    00002ef0    00000024     
                  00002ef0    00000008     (.cinit..bss.load) [load image, compression = zero_init]
                  00002ef8    00000008     (.cinit..vtable.load) [load image, compression = zero_init]
                  00002f00    00000004     (__TI_handler_table)
                  00002f04    00000010     (__TI_cinit_table)

.init_array 
*          0    00000000    00000000     UNINITIALIZED

.vtable    0    20000000    0000026c     UNINITIALIZED
                  20000000    0000026c     interrupt.obj (.vtable)

.bss       0    20000470    00000009     UNINITIALIZED
                  20000470    00000004     (.common:count)
                  20000474    00000004     (.common:freq)
                  20000478    00000001     (.common:toggle)

.stack     0    20000270    00000200     UNINITIALIZED
                  20000270    00000004     rtsv7M4_T_le_v4SPD16_eabi.lib : boot_cortex_m.c.obj (.stack)
                  20000274    000001fc     --HOLE--

__llvm_prf_cnts 
*          0    20000000    00000000     UNINITIALIZED

MODULE SUMMARY

       Module                          code   ro data   rw data
       ------                          ----   -------   -------
    .\
       tm4c1294ncpdt_startup_ccs.obj   12     520       0      
       main.obj                        180    0         9      
    +--+-------------------------------+------+---------+---------+
       Total:                          192    520       9      
                                                               
    .\driverlib\
       sysctl.obj                      3974   596       0      
       gpio.obj                        2964   552       0      
       interrupt.obj                   960    268       620    
       timer.obj                       1602   160       0      
       cpu.obj                         62     0         0      
    +--+-------------------------------+------+---------+---------+
       Total:                          9562   1576      620    
                                                               
    C:\ti\ccs1230\ccs\tools\compiler\ti-cgt-arm_20.2.7.LTS\lib\rtsv7M4_T_le_v4SPD16_eabi.lib
       autoinit.c.obj                  68     0         0      
       boot_cortex_m.c.obj             52     0         0      
       copy_zero_init.c.obj            28     0         0      
       exit.c.obj                      4      0         0      
       pre_init.c.obj                  4      0         0      
    +--+-------------------------------+------+---------+---------+
       Total:                          156    0         0      
                                                               
       Stack:                          0      0         512    
       Linker Generated:               0      36        0      
    +--+-------------------------------+------+---------+---------+
       Grand Total:                    9910   2132      1141   


LINKER GENERATED COPY TABLES

__TI_cinit_table @ 00002f04 records: 2, size/record: 8, table size: 16
	.bss: load addr=00002ef0, load size=00000008 bytes, run addr=20000470, run size=00000009 bytes, compression=zero_init
	.vtable: load addr=00002ef8, load size=00000008 bytes, run addr=20000000, run size=0000026c bytes, compression=zero_init


LINKER GENERATED HANDLER TABLE

__TI_handler_table @ 00002f00 records: 1, size/record: 4, table size: 4
	index: 0, handler: __TI_zero_init


GLOBAL SYMBOLS: SORTED ALPHABETICALLY BY Name 

address   name                            
-------   ----                            
000028bf  C$$EXIT                         
0000284d  CPUbasepriGet                   
0000283f  CPUbasepriSet                   
00002819  CPUcpsid                        
0000282f  CPUcpsie                        
00002825  CPUprimask                      
0000283b  CPUwfi                          
00001cf5  GPIOADCTriggerDisable           
00001cd7  GPIOADCTriggerEnable            
00001cb9  GPIODMATriggerDisable           
00001c9b  GPIODMATriggerEnable            
00001243  GPIODirModeGet                  
000011e7  GPIODirModeSet                  
000017ab  GPIOIntClear                    
0000176f  GPIOIntDisable                  
00001755  GPIOIntEnable                   
000017bf  GPIOIntRegister                 
000017f7  GPIOIntRegisterPin              
00001789  GPIOIntStatus                   
00001333  GPIOIntTypeGet                  
0000128f  GPIOIntTypeSet                  
000017dd  GPIOIntUnregister               
00001825  GPIOIntUnregisterPin            
00001603  GPIOPadConfigGet                
000013c9  GPIOPadConfigSet                
00001c3d  GPIOPinConfigure                
00001849  GPIOPinRead                     
00001881  GPIOPinTypeADC                  
000018a5  GPIOPinTypeCAN                  
000018c9  GPIOPinTypeComparator           
000018ed  GPIOPinTypeComparatorOutput     
00001911  GPIOPinTypeDIVSCLK              
00001935  GPIOPinTypeEPI                  
00001959  GPIOPinTypeEthernetLED          
0000197d  GPIOPinTypeEthernetMII          
000019a1  GPIOPinTypeGPIOInput            
000019c5  GPIOPinTypeGPIOOutput           
000019e9  GPIOPinTypeGPIOOutputOD         
00001a0d  GPIOPinTypeHibernateRTCCLK      
00001a31  GPIOPinTypeI2C                  
00001a55  GPIOPinTypeI2CSCL               
00001a79  GPIOPinTypeLCD                  
00001a9d  GPIOPinTypeOneWire              
00001ac1  GPIOPinTypePWM                  
00001ae5  GPIOPinTypeQEI                  
00001b09  GPIOPinTypeSSI                  
00001b2d  GPIOPinTypeTimer                
00001b51  GPIOPinTypeTrace                
00001b75  GPIOPinTypeUART                 
00001b99  GPIOPinTypeUSBAnalog            
00001bbd  GPIOPinTypeUSBDigital           
00001be1  GPIOPinTypeWakeHigh             
00001c07  GPIOPinTypeWakeLow              
00001c2d  GPIOPinWakeStatus               
00001861  GPIOPinWrite                    
00002783  GPIO_Init                       
00002521  IntDisable                      
000024af  IntEnable                       
00002593  IntIsEnabled                    
00002373  IntMasterDisable                
00002363  IntMasterEnable                 
00002689  IntPendClear                    
00002619  IntPendSet                      
0000248b  IntPriorityGet                  
00002403  IntPriorityGroupingGet          
000023e9  IntPriorityGroupingSet          
000026e3  IntPriorityMaskGet              
000026d7  IntPriorityMaskSet              
0000243b  IntPrioritySet                  
00002383  IntRegister                     
000026eb  IntTrigger                      
000023d5  IntUnregister                   
000028a9  ResetISR                        
00001145  SysCtlAltClkConfig              
0000086d  SysCtlClockFreqSet              
00000d35  SysCtlClockGet                  
00001129  SysCtlClockOutConfig            
00000b65  SysCtlClockSet                  
00000771  SysCtlDeepSleep                 
00000ef9  SysCtlDeepSleepClockConfigSet   
00000edb  SysCtlDeepSleepClockSet         
00000751  SysCtlDeepSleepPowerSet         
000028b5  SysCtlDelay                     
000002ff  SysCtlFlashSectorSizeGet        
000002d3  SysCtlFlashSizeGet              
00000fcf  SysCtlGPIOAHBDisable            
00000fb3  SysCtlGPIOAHBEnable             
000006e5  SysCtlIntClear                  
000006cd  SysCtlIntDisable                
000006b9  SysCtlIntEnable                 
00000691  SysCtlIntRegister               
000006f5  SysCtlIntStatus                 
000006a9  SysCtlIntUnregister             
00000737  SysCtlLDODeepSleepGet           
00000727  SysCtlLDODeepSleepSet           
00000721  SysCtlLDOSleepGet               
00000711  SysCtlLDOSleepSet               
000007a7  SysCtlMOSCConfigSet             
0000110d  SysCtlNMIClear                  
000010f9  SysCtlNMIStatus                 
000007bd  SysCtlPIOSCCalibrate            
00000f9d  SysCtlPWMClockGet               
00000f83  SysCtlPWMClockSet               
0000063d  SysCtlPeripheralClockGating     
000005f5  SysCtlPeripheralDeepSleepDisable
000005a5  SysCtlPeripheralDeepSleepEnable 
000004e1  SysCtlPeripheralDisable         
000004a5  SysCtlPeripheralEnable          
000003e1  SysCtlPeripheralPowerOff        
000003a5  SysCtlPeripheralPowerOn         
00000325  SysCtlPeripheralPresent         
00000365  SysCtlPeripheralReady           
0000041d  SysCtlPeripheralReset           
00000569  SysCtlPeripheralSleepDisable    
00000525  SysCtlPeripheralSleepEnable     
00000761  SysCtlReset                     
0000081d  SysCtlResetBehaviorGet          
0000080d  SysCtlResetBehaviorSet          
00000793  SysCtlResetCauseClear           
0000078d  SysCtlResetCauseGet             
000002c9  SysCtlSRAMSizeGet               
00000769  SysCtlSleep                     
0000073d  SysCtlSleepPowerSet             
00000ff7  SysCtlUSBPLLDisable             
00000feb  SysCtlUSBPLLEnable              
0000103d  SysCtlVCOGet                    
00001025  SysCtlVoltageEventClear         
00001009  SysCtlVoltageEventConfig        
00001019  SysCtlVoltageEventStatus        
00002721  Timer1IntHandler                
000022dd  TimerADCEventGet                
000022cb  TimerADCEventSet                
00002001  TimerClockSourceGet             
00001fd7  TimerClockSourceSet             
00001dcb  TimerConfigure                  
00001eeb  TimerControlEvent               
00001e47  TimerControlLevel               
00001f15  TimerControlStall               
00001e7d  TimerControlTrigger             
00001f4b  TimerControlWaitOnTrigger       
000022fd  TimerDMAEventGet                
000022eb  TimerDMAEventSet                
00001dad  TimerDisable                    
00001d8f  TimerEnable                     
000022a7  TimerIntClear                   
00002271  TimerIntDisable                 
00002259  TimerIntEnable                  
00002213  TimerIntRegister                
00002289  TimerIntStatus                  
0000223b  TimerIntUnregister              
000020cb  TimerLoadGet                    
00002101  TimerLoadGet64                  
000020a1  TimerLoadSet                    
000020e7  TimerLoadSet64                  
000021ab  TimerMatchGet                   
000021e1  TimerMatchGet64                 
00002181  TimerMatchSet                   
000021c7  TimerMatchSet64                 
0000203b  TimerPrescaleGet                
00002085  TimerPrescaleMatchGet           
00002057  TimerPrescaleMatchSet           
00002011  TimerPrescaleSet                
00001fc1  TimerRTCDisable                 
00001fab  TimerRTCEnable                  
000022b9  TimerSynchronize                
0000230b  TimerUpdateMode                 
00002133  TimerValueGet                   
0000214f  TimerValueGet64                 
0000274d  Timer_Init                      
20000470  __STACK_END                     
00000200  __STACK_SIZE                    
20000470  __STACK_TOP                     
00002f04  __TI_CINIT_Base                 
00002f14  __TI_CINIT_Limit                
00002f00  __TI_Handler_Table_Base         
00002f04  __TI_Handler_Table_Limit        
000027d5  __TI_auto_init_nobinit_nopinit  
ffffffff  __TI_pprof_out_hndl             
ffffffff  __TI_prof_data_size             
ffffffff  __TI_prof_data_start            
00000000  __TI_static_base__              
0000288d  __TI_zero_init_nomemset         
ffffffff  __binit__                       
ffffffff  __c_args__                      
UNDEFED   __mpu_init                      
20000270  __stack                         
20000000  __start___llvm_prf_cnts         
20000000  __stop___llvm_prf_cnts          
00002859  _c_int00_noargs                 
UNDEFED   _system_post_cinit              
000028bb  _system_pre_init                
000028bf  abort                           
ffffffff  binit                           
20000470  count                           
20000474  freq                            
20000000  g_pfnRAMVectors                 
00000000  g_pfnVectors                    
00002795  main                            
20000478  toggle                          


GLOBAL SYMBOLS: SORTED BY Symbol Address 

address   name                            
-------   ----                            
00000000  __TI_static_base__              
00000000  g_pfnVectors                    
00000200  __STACK_SIZE                    
000002c9  SysCtlSRAMSizeGet               
000002d3  SysCtlFlashSizeGet              
000002ff  SysCtlFlashSectorSizeGet        
00000325  SysCtlPeripheralPresent         
00000365  SysCtlPeripheralReady           
000003a5  SysCtlPeripheralPowerOn         
000003e1  SysCtlPeripheralPowerOff        
0000041d  SysCtlPeripheralReset           
000004a5  SysCtlPeripheralEnable          
000004e1  SysCtlPeripheralDisable         
00000525  SysCtlPeripheralSleepEnable     
00000569  SysCtlPeripheralSleepDisable    
000005a5  SysCtlPeripheralDeepSleepEnable 
000005f5  SysCtlPeripheralDeepSleepDisable
0000063d  SysCtlPeripheralClockGating     
00000691  SysCtlIntRegister               
000006a9  SysCtlIntUnregister             
000006b9  SysCtlIntEnable                 
000006cd  SysCtlIntDisable                
000006e5  SysCtlIntClear                  
000006f5  SysCtlIntStatus                 
00000711  SysCtlLDOSleepSet               
00000721  SysCtlLDOSleepGet               
00000727  SysCtlLDODeepSleepSet           
00000737  SysCtlLDODeepSleepGet           
0000073d  SysCtlSleepPowerSet             
00000751  SysCtlDeepSleepPowerSet         
00000761  SysCtlReset                     
00000769  SysCtlSleep                     
00000771  SysCtlDeepSleep                 
0000078d  SysCtlResetCauseGet             
00000793  SysCtlResetCauseClear           
000007a7  SysCtlMOSCConfigSet             
000007bd  SysCtlPIOSCCalibrate            
0000080d  SysCtlResetBehaviorSet          
0000081d  SysCtlResetBehaviorGet          
0000086d  SysCtlClockFreqSet              
00000b65  SysCtlClockSet                  
00000d35  SysCtlClockGet                  
00000edb  SysCtlDeepSleepClockSet         
00000ef9  SysCtlDeepSleepClockConfigSet   
00000f83  SysCtlPWMClockSet               
00000f9d  SysCtlPWMClockGet               
00000fb3  SysCtlGPIOAHBEnable             
00000fcf  SysCtlGPIOAHBDisable            
00000feb  SysCtlUSBPLLEnable              
00000ff7  SysCtlUSBPLLDisable             
00001009  SysCtlVoltageEventConfig        
00001019  SysCtlVoltageEventStatus        
00001025  SysCtlVoltageEventClear         
0000103d  SysCtlVCOGet                    
000010f9  SysCtlNMIStatus                 
0000110d  SysCtlNMIClear                  
00001129  SysCtlClockOutConfig            
00001145  SysCtlAltClkConfig              
000011e7  GPIODirModeSet                  
00001243  GPIODirModeGet                  
0000128f  GPIOIntTypeSet                  
00001333  GPIOIntTypeGet                  
000013c9  GPIOPadConfigSet                
00001603  GPIOPadConfigGet                
00001755  GPIOIntEnable                   
0000176f  GPIOIntDisable                  
00001789  GPIOIntStatus                   
000017ab  GPIOIntClear                    
000017bf  GPIOIntRegister                 
000017dd  GPIOIntUnregister               
000017f7  GPIOIntRegisterPin              
00001825  GPIOIntUnregisterPin            
00001849  GPIOPinRead                     
00001861  GPIOPinWrite                    
00001881  GPIOPinTypeADC                  
000018a5  GPIOPinTypeCAN                  
000018c9  GPIOPinTypeComparator           
000018ed  GPIOPinTypeComparatorOutput     
00001911  GPIOPinTypeDIVSCLK              
00001935  GPIOPinTypeEPI                  
00001959  GPIOPinTypeEthernetLED          
0000197d  GPIOPinTypeEthernetMII          
000019a1  GPIOPinTypeGPIOInput            
000019c5  GPIOPinTypeGPIOOutput           
000019e9  GPIOPinTypeGPIOOutputOD         
00001a0d  GPIOPinTypeHibernateRTCCLK      
00001a31  GPIOPinTypeI2C                  
00001a55  GPIOPinTypeI2CSCL               
00001a79  GPIOPinTypeLCD                  
00001a9d  GPIOPinTypeOneWire              
00001ac1  GPIOPinTypePWM                  
00001ae5  GPIOPinTypeQEI                  
00001b09  GPIOPinTypeSSI                  
00001b2d  GPIOPinTypeTimer                
00001b51  GPIOPinTypeTrace                
00001b75  GPIOPinTypeUART                 
00001b99  GPIOPinTypeUSBAnalog            
00001bbd  GPIOPinTypeUSBDigital           
00001be1  GPIOPinTypeWakeHigh             
00001c07  GPIOPinTypeWakeLow              
00001c2d  GPIOPinWakeStatus               
00001c3d  GPIOPinConfigure                
00001c9b  GPIODMATriggerEnable            
00001cb9  GPIODMATriggerDisable           
00001cd7  GPIOADCTriggerEnable            
00001cf5  GPIOADCTriggerDisable           
00001d8f  TimerEnable                     
00001dad  TimerDisable                    
00001dcb  TimerConfigure                  
00001e47  TimerControlLevel               
00001e7d  TimerControlTrigger             
00001eeb  TimerControlEvent               
00001f15  TimerControlStall               
00001f4b  TimerControlWaitOnTrigger       
00001fab  TimerRTCEnable                  
00001fc1  TimerRTCDisable                 
00001fd7  TimerClockSourceSet             
00002001  TimerClockSourceGet             
00002011  TimerPrescaleSet                
0000203b  TimerPrescaleGet                
00002057  TimerPrescaleMatchSet           
00002085  TimerPrescaleMatchGet           
000020a1  TimerLoadSet                    
000020cb  TimerLoadGet                    
000020e7  TimerLoadSet64                  
00002101  TimerLoadGet64                  
00002133  TimerValueGet                   
0000214f  TimerValueGet64                 
00002181  TimerMatchSet                   
000021ab  TimerMatchGet                   
000021c7  TimerMatchSet64                 
000021e1  TimerMatchGet64                 
00002213  TimerIntRegister                
0000223b  TimerIntUnregister              
00002259  TimerIntEnable                  
00002271  TimerIntDisable                 
00002289  TimerIntStatus                  
000022a7  TimerIntClear                   
000022b9  TimerSynchronize                
000022cb  TimerADCEventSet                
000022dd  TimerADCEventGet                
000022eb  TimerDMAEventSet                
000022fd  TimerDMAEventGet                
0000230b  TimerUpdateMode                 
00002363  IntMasterEnable                 
00002373  IntMasterDisable                
00002383  IntRegister                     
000023d5  IntUnregister                   
000023e9  IntPriorityGroupingSet          
00002403  IntPriorityGroupingGet          
0000243b  IntPrioritySet                  
0000248b  IntPriorityGet                  
000024af  IntEnable                       
00002521  IntDisable                      
00002593  IntIsEnabled                    
00002619  IntPendSet                      
00002689  IntPendClear                    
000026d7  IntPriorityMaskSet              
000026e3  IntPriorityMaskGet              
000026eb  IntTrigger                      
00002721  Timer1IntHandler                
0000274d  Timer_Init                      
00002783  GPIO_Init                       
00002795  main                            
000027d5  __TI_auto_init_nobinit_nopinit  
00002819  CPUcpsid                        
00002825  CPUprimask                      
0000282f  CPUcpsie                        
0000283b  CPUwfi                          
0000283f  CPUbasepriSet                   
0000284d  CPUbasepriGet                   
00002859  _c_int00_noargs                 
0000288d  __TI_zero_init_nomemset         
000028a9  ResetISR                        
000028b5  SysCtlDelay                     
000028bb  _system_pre_init                
000028bf  C$$EXIT                         
000028bf  abort                           
00002f00  __TI_Handler_Table_Base         
00002f04  __TI_CINIT_Base                 
00002f04  __TI_Handler_Table_Limit        
00002f14  __TI_CINIT_Limit                
20000000  __start___llvm_prf_cnts         
20000000  __stop___llvm_prf_cnts          
20000000  g_pfnRAMVectors                 
20000270  __stack                         
20000470  __STACK_END                     
20000470  __STACK_TOP                     
20000470  count                           
20000474  freq                            
20000478  toggle                          
ffffffff  __TI_pprof_out_hndl             
ffffffff  __TI_prof_data_size             
ffffffff  __TI_prof_data_start            
ffffffff  __binit__                       
ffffffff  __c_args__                      
ffffffff  binit                           
UNDEFED   __mpu_init                      
UNDEFED   _system_post_cinit              

[199 symbols]
